[?1049h[22;0;0t[1;59r(B[m[4l[?7h[H[2JEvery 1.0s: numactl -H[1;126Hlbt1: Mon Oct 14 14:36:00 2024[3;1Havailable: 4 nodes (0-3)[4dnode 0 cpus: 0 1 2 3 4 5 6 7 8 9 10 11 12 13 14 15 16 17 18 19 20 21 22 23[5dnode 0 size: 64092 MB[6dnode 0 free: 330 MB[7dnode 1 cpus: 24 25 26 27 28 29 30 31 32 33 34 35 36 37 38 39 40 41 42 43 44 45 46 47[8dnode 1 size: 64460 MB[9dnode 1 free: 83 MB[10dnode 2 cpus:[11dnode 2 size: 256000 MB[12dnode 2 free: 132640 MB[13dnode 3 cpus:[14dnode 3 size: 256000 MB[15dnode 3 free: 129751 MB[16dnode distances:[17dnode   0   1   2   3[18;3H0:  10  21  17  28[19;3H1:  21  10  28  17[20;3H2:  17  28  10  28[21;3H3:  28  17  28  10[59;155H[1;150H1[12;17H498[15;17H606[59;155H[1;150H2[12;17H35[15d461[59;155H[1;150H3[12;17H217[15;17H319[59;155H[1;150H4[12;17H078[15;17H176[59;155Havailable: 4 nodes (0-3)
node 0 cpus: 0 1 2 3 4 5 6 7 8 9 10 11 12 13 14 15 16 17 18 19 20 21 22 23
node 0 size: 64092 MB
node 0 free: 330 MB
node 1 cpus: 24 25 26 27 28 29 30 31 32 33 34 35 36 37 38 39 40 41 42 43 44 45 46 47
node 1 size: 64460 MB
node 1 free: 83 MB
node 2 cpus:
node 2 size: 256000 MB
node 2 free: 118979 MB
node 3 cpus:
node 3 size: 256000 MB
node 3 free: 115839 MB
node distances:
node   0   1   2   3 
  0:  10  21  17  28 
  1:  21  10  28  17 
  2:  17  28  10  28 
  3:  28  17  28  10 
available: 4 nodes (0-3)
node 0 cpus: 0 1 2 3 4 5 6 7 8 9 10 11 12 13 14 15 16 17 18 19 20 21 22 23
node 0 size: 64092 MB
node 0 free: 330 MB
node 1 cpus: 24 25 26 27 28 29 30 31 32 33 34 35 36 37 38 39 40 41 42 43 44 45 46 47
node 1 size: 64460 MB
node 1 free: 83 MB
node 2 cpus:
node 2 size: 256000 MB
node 2 free: 118840 MB
node 3 cpus:
node 3 size: 256000 MB
node 3 free: 115698 MB
node distances:
node   0   1   2   3 
  0:  10  21  17  28 
  1:  21  10  28  17 
  2:  17  28  10  28 
  3:  28  17  28  10 
available: 4 nodes (0-3)
node 0 cpus: 0 1 2 3 4 5 6 7 8 9 10 11 12 13 14 15 16 17 18 19 20 21 22 23
node 0 size: 64092 MB
node 0 free: 330 MB
node 1 cpus: 24 25 26 27 28 29 30 31 32 33 34 35 36 37 38 39 40 41 42 43 44 45 46 47
node 1 size: 64460 MB
node 1 free: 83 MB
node 2 cpus:
node 2 size: 256000 MB
node 2 free: 118701 MB
node 3 cpus:
node 3 size: 256000 MB
node 3 free: 115558 MB
node distances:
node   0   1   2   3 
  0:  10  21  17  28 
  1:  21  10  28  17 
  2:  17  28  10  28 
  3:  28  17  28  10 
available: 4 nodes (0-3)
node 0 cpus: 0 1 2 3 4 5 6 7 8 9 10 11 12 13 14 15 16 17 18 19 20 21 22 23
node 0 size: 64092 MB
node 0 free: 330 MB
node 1 cpus: 24 25 26 27 28 29 30 31 32 33 34 35 36 37 38 39 40 41 42 43 44 45 46 47
node 1 size: 64460 MB
node 1 free: 83 MB
node 2 cpus:
node 2 size: 256000 MB
node 2 free: 118557 MB
node 3 cpus:
node 3 size: 256000 MB
node 3 free: 115422 MB
node distances:
node   0   1   2   3 
  0:  10  21  17  28 
  1:  21  10  28  17 
  2:  17  28  10  28 
  3:  28  17  28  10 
available: 4 nodes (0-3)
node 0 cpus: 0 1 2 3 4 5 6 7 8 9 10 11 12 13 14 15 16 17 18 19 20 21 22 23
node 0 size: 64092 MB
node 0 free: 330 MB
node 1 cpus: 24 25 26 27 28 29 30 31 32 33 34 35 36 37 38 39 40 41 42 43 44 45 46 47
node 1 size: 64460 MB
node 1 free: 83 MB
node 2 cpus:
node 2 size: 256000 MB
node 2 free: 118436 MB
node 3 cpus:
node 3 size: 256000 MB
node 3 free: 115291 MB
node distances:
node   0   1   2   3 
  0:  10  21  17  28 
  1:  21  10  28  17 
  2:  17  28  10  28 
  3:  28  17  28  10 
available: 4 nodes (0-3)
node 0 cpus: 0 1 2 3 4 5 6 7 8 9 10 11 12 13 14 15 16 17 18 19 20 21 22 23
node 0 size: 64092 MB
node 0 free: 330 MB
node 1 cpus: 24 25 26 27 28 29 30 31 32 33 34 35 36 37 38 39 40 41 42 43 44 45 46 47
node 1 size: 64460 MB
node 1 free: 83 MB
node 2 cpus:
node 2 size: 256000 MB
node 2 free: 118291 MB
node 3 cpus:
node 3 size: 256000 MB
node 3 free: 115140 MB
node distances:
node   0   1   2   3 
  0:  10  21  17  28 
  1:  21  10  28  17 
  2:  17  28  10  28 
  3:  28  17  28  10 
available: 4 nodes (0-3)
node 0 cpus: 0 1 2 3 4 5 6 7 8 9 10 11 12 13 14 15 16 17 18 19 20 21 22 23
node 0 size: 64092 MB
node 0 free: 330 MB
node 1 cpus: 24 25 26 27 28 29 30 31 32 33 34 35 36 37 38 39 40 41 42 43 44 45 46 47
node 1 size: 64460 MB
node 1 free: 83 MB
node 2 cpus:
node 2 size: 256000 MB
node 2 free: 118152 MB
node 3 cpus:
node 3 size: 256000 MB
node 3 free: 115000 MB
node distances:
node   0   1   2   3 
  0:  10  21  17  28 
  1:  21  10  28  17 
  2:  17  28  10  28 
  3:  28  17  28  10 
available: 4 nodes (0-3)
node 0 cpus: 0 1 2 3 4 5 6 7 8 9 10 11 12 13 14 15 16 17 18 19 20 21 22 23
node 0 size: 64092 MB
node 0 free: 330 MB
node 1 cpus: 24 25 26 27 28 29 30 31 32 33 34 35 36 37 38 39 40 41 42 43 44 45 46 47
node 1 size: 64460 MB
node 1 free: 83 MB
node 2 cpus:
node 2 size: 256000 MB
node 2 free: 118012 MB
node 3 cpus:
node 3 size: 256000 MB
node 3 free: 114859 MB
node distances:
node   0   1   2   3 
  0:  10  21  17  28 
  1:  21  10  28  17 
  2:  17  28  10  28 
  3:  28  17  28  10 
available: 4 nodes (0-3)
node 0 cpus: 0 1 2 3 4 5 6 7 8 9 10 11 12 13 14 15 16 17 18 19 20 21 22 23
node 0 size: 64092 MB
node 0 free: 330 MB
node 1 cpus: 24 25 26 27 28 29 30 31 32 33 34 35 36 37 38 39 40 41 42 43 44 45 46 47
node 1 size: 64460 MB
node 1 free: 83 MB
node 2 cpus:
node 2 size: 256000 MB
node 2 free: 117873 MB
node 3 cpus:
node 3 size: 256000 MB
node 3 free: 114718 MB
node distances:
node   0   1   2   3 
  0:  10  21  17  28 
  1:  21  10  28  17 
  2:  17  28  10  28 
  3:  28  17  28  10 
available: 4 nodes (0-3)
node 0 cpus: 0 1 2 3 4 5 6 7 8 9 10 11 12 13 14 15 16 17 18 19 20 21 22 23
node 0 size: 64092 MB
node 0 free: 330 MB
node 1 cpus: 24 25 26 27 28 29 30 31 32 33 34 35 36 37 38 39 40 41 42 43 44 45 46 47
node 1 size: 64460 MB
node 1 free: 83 MB
node 2 cpus:
node 2 size: 256000 MB
node 2 free: 117733 MB
node 3 cpus:
node 3 size: 256000 MB
node 3 free: 114576 MB
node distances:
node   0   1   2   3 
  0:  10  21  17  28 
  1:  21  10  28  17 
  2:  17  28  10  28 
  3:  28  17  28  10 
available: 4 nodes (0-3)
node 0 cpus: 0 1 2 3 4 5 6 7 8 9 10 11 12 13 14 15 16 17 18 19 20 21 22 23
node 0 size: 64092 MB
node 0 free: 330 MB
node 1 cpus: 24 25 26 27 28 29 30 31 32 33 34 35 36 37 38 39 40 41 42 43 44 45 46 47
node 1 size: 64460 MB
node 1 free: 83 MB
node 2 cpus:
node 2 size: 256000 MB
node 2 free: 117609 MB
node 3 cpus:
node 3 size: 256000 MB
node 3 free: 114441 MB
node distances:
node   0   1   2   3 
  0:  10  21  17  28 
  1:  21  10  28  17 
  2:  17  28  10  28 
  3:  28  17  28  10 
available: 4 nodes (0-3)
node 0 cpus: 0 1 2 3 4 5 6 7 8 9 10 11 12 13 14 15 16 17 18 19 20 21 22 23
node 0 size: 64092 MB
node 0 free: 330 MB
node 1 cpus: 24 25 26 27 28 29 30 31 32 33 34 35 36 37 38 39 40 41 42 43 44 45 46 47
node 1 size: 64460 MB
node 1 free: 83 MB
node 2 cpus:
node 2 size: 256000 MB
node 2 free: 117468 MB
node 3 cpus:
node 3 size: 256000 MB
node 3 free: 114293 MB
node distances:
node   0   1   2   3 
  0:  10  21  17  28 
  1:  21  10  28  17 
  2:  17  28  10  28 
  3:  28  17  28  10 
available: 4 nodes (0-3)
node 0 cpus: 0 1 2 3 4 5 6 7 8 9 10 11 12 13 14 15 16 17 18 19 20 21 22 23
node 0 size: 64092 MB
node 0 free: 330 MB
node 1 cpus: 24 25 26 27 28 29 30 31 32 33 34 35 36 37 38 39 40 41 42 43 44 45 46 47
node 1 size: 64460 MB
node 1 free: 83 MB
node 2 cpus:
node 2 size: 256000 MB
node 2 free: 117328 MB
node 3 cpus:
node 3 size: 256000 MB
node 3 free: 114151 MB
node distances:
node   0   1   2   3 
  0:  10  21  17  28 
  1:  21  10  28  17 
  2:  17  28  10  28 
  3:  28  17  28  10 
available: 4 nodes (0-3)
node 0 cpus: 0 1 2 3 4 5 6 7 8 9 10 11 12 13 14 15 16 17 18 19 20 21 22 23
node 0 size: 64092 MB
node 0 free: 330 MB
node 1 cpus: 24 25 26 27 28 29 30 31 32 33 34 35 36 37 38 39 40 41 42 43 44 45 46 47
node 1 size: 64460 MB
node 1 free: 83 MB
node 2 cpus:
node 2 size: 256000 MB
node 2 free: 117189 MB
node 3 cpus:
node 3 size: 256000 MB
node 3 free: 114006 MB
node distances:
node   0   1   2   3 
  0:  10  21  17  28 
  1:  21  10  28  17 
  2:  17  28  10  28 
  3:  28  17  28  10 
available: 4 nodes (0-3)
node 0 cpus: 0 1 2 3 4 5 6 7 8 9 10 11 12 13 14 15 16 17 18 19 20 21 22 23
node 0 size: 64092 MB
node 0 free: 330 MB
node 1 cpus: 24 25 26 27 28 29 30 31 32 33 34 35 36 37 38 39 40 41 42 43 44 45 46 47
node 1 size: 64460 MB
node 1 free: 83 MB
node 2 cpus:
node 2 size: 256000 MB
node 2 free: 117050 MB
node 3 cpus:
node 3 size: 256000 MB
node 3 free: 113867 MB
node distances:
node   0   1   2   3 
  0:  10  21  17  28 
  1:  21  10  28  17 
  2:  17  28  10  28 
  3:  28  17  28  10 
available: 4 nodes (0-3)
node 0 cpus: 0 1 2 3 4 5 6 7 8 9 10 11 12 13 14 15 16 17 18 19 20 21 22 23
node 0 size: 64092 MB
node 0 free: 330 MB
node 1 cpus: 24 25 26 27 28 29 30 31 32 33 34 35 36 37 38 39 40 41 42 43 44 45 46 47
node 1 size: 64460 MB
node 1 free: 83 MB
node 2 cpus:
node 2 size: 256000 MB
node 2 free: 116909 MB
node 3 cpus:
node 3 size: 256000 MB
node 3 free: 113724 MB
node distances:
node   0   1   2   3 
  0:  10  21  17  28 
  1:  21  10  28  17 
  2:  17  28  10  28 
  3:  28  17  28  10 
available: 4 nodes (0-3)
node 0 cpus: 0 1 2 3 4 5 6 7 8 9 10 11 12 13 14 15 16 17 18 19 20 21 22 23
node 0 size: 64092 MB
node 0 free: 330 MB
node 1 cpus: 24 25 26 27 28 29 30 31 32 33 34 35 36 37 38 39 40 41 42 43 44 45 46 47
node 1 size: 64460 MB
node 1 free: 83 MB
node 2 cpus:
node 2 size: 256000 MB
node 2 free: 116778 MB
node 3 cpus:
node 3 size: 256000 MB
node 3 free: 113589 MB
node distances:
node   0   1   2   3 
  0:  10  21  17  28 
  1:  21  10  28  17 
  2:  17  28  10  28 
  3:  28  17  28  10 
available: 4 nodes (0-3)
node 0 cpus: 0 1 2 3 4 5 6 7 8 9 10 11 12 13 14 15 16 17 18 19 20 21 22 23
node 0 size: 64092 MB
node 0 free: 330 MB
node 1 cpus: 24 25 26 27 28 29 30 31 32 33 34 35 36 37 38 39 40 41 42 43 44 45 46 47
node 1 size: 64460 MB
node 1 free: 83 MB
node 2 cpus:
node 2 size: 256000 MB
node 2 free: 116634 MB
node 3 cpus:
node 3 size: 256000 MB
node 3 free: 113439 MB
node distances:
node   0   1   2   3 
  0:  10  21  17  28 
  1:  21  10  28  17 
  2:  17  28  10  28 
  3:  28  17  28  10 
available: 4 nodes (0-3)
node 0 cpus: 0 1 2 3 4 5 6 7 8 9 10 11 12 13 14 15 16 17 18 19 20 21 22 23
node 0 size: 64092 MB
node 0 free: 330 MB
node 1 cpus: 24 25 26 27 28 29 30 31 32 33 34 35 36 37 38 39 40 41 42 43 44 45 46 47
node 1 size: 64460 MB
node 1 free: 83 MB
node 2 cpus:
node 2 size: 256000 MB
node 2 free: 116494 MB
node 3 cpus:
node 3 size: 256000 MB
node 3 free: 113295 MB
node distances:
node   0   1   2   3 
  0:  10  21  17  28 
  1:  21  10  28  17 
  2:  17  28  10  28 
  3:  28  17  28  10 
available: 4 nodes (0-3)
node 0 cpus: 0 1 2 3 4 5 6 7 8 9 10 11 12 13 14 15 16 17 18 19 20 21 22 23
node 0 size: 64092 MB
node 0 free: 330 MB
node 1 cpus: 24 25 26 27 28 29 30 31 32 33 34 35 36 37 38 39 40 41 42 43 44 45 46 47
node 1 size: 64460 MB
node 1 free: 83 MB
node 2 cpus:
node 2 size: 256000 MB
node 2 free: 116356 MB
node 3 cpus:
node 3 size: 256000 MB
node 3 free: 113154 MB
node distances:
node   0   1   2   3 
  0:  10  21  17  28 
  1:  21  10  28  17 
  2:  17  28  10  28 
  3:  28  17  28  10 
available: 4 nodes (0-3)
node 0 cpus: 0 1 2 3 4 5 6 7 8 9 10 11 12 13 14 15 16 17 18 19 20 21 22 23
node 0 size: 64092 MB
node 0 free: 330 MB
node 1 cpus: 24 25 26 27 28 29 30 31 32 33 34 35 36 37 38 39 40 41 42 43 44 45 46 47
node 1 size: 64460 MB
node 1 free: 83 MB
node 2 cpus:
node 2 size: 256000 MB
node 2 free: 116217 MB
node 3 cpus:
node 3 size: 256000 MB
node 3 free: 113010 MB
node distances:
node   0   1   2   3 
  0:  10  21  17  28 
  1:  21  10  28  17 
  2:  17  28  10  28 
  3:  28  17  28  10 
available: 4 nodes (0-3)
node 0 cpus: 0 1 2 3 4 5 6 7 8 9 10 11 12 13 14 15 16 17 18 19 20 21 22 23
node 0 size: 64092 MB
node 0 free: 330 MB
node 1 cpus: 24 25 26 27 28 29 30 31 32 33 34 35 36 37 38 39 40 41 42 43 44 45 46 47
node 1 size: 64460 MB
node 1 free: 83 MB
node 2 cpus:
node 2 size: 256000 MB
node 2 free: 116078 MB
node 3 cpus:
node 3 size: 256000 MB
node 3 free: 112868 MB
node distances:
node   0   1   2   3 
  0:  10  21  17  28 
  1:  21  10  28  17 
  2:  17  28  10  28 
  3:  28  17  28  10 
available: 4 nodes (0-3)
node 0 cpus: 0 1 2 3 4 5 6 7 8 9 10 11 12 13 14 15 16 17 18 19 20 21 22 23
node 0 size: 64092 MB
node 0 free: 330 MB
node 1 cpus: 24 25 26 27 28 29 30 31 32 33 34 35 36 37 38 39 40 41 42 43 44 45 46 47
node 1 size: 64460 MB
node 1 free: 83 MB
node 2 cpus:
node 2 size: 256000 MB
node 2 free: 115961 MB
node 3 cpus:
node 3 size: 256000 MB
node 3 free: 112727 MB
node distances:
node   0   1   2   3 
  0:  10  21  17  28 
  1:  21  10  28  17 
  2:  17  28  10  28 
  3:  28  17  28  10 
available: 4 nodes (0-3)
node 0 cpus: 0 1 2 3 4 5 6 7 8 9 10 11 12 13 14 15 16 17 18 19 20 21 22 23
node 0 size: 64092 MB
node 0 free: 330 MB
node 1 cpus: 24 25 26 27 28 29 30 31 32 33 34 35 36 37 38 39 40 41 42 43 44 45 46 47
node 1 size: 64460 MB
node 1 free: 83 MB
node 2 cpus:
node 2 size: 256000 MB
node 2 free: 115819 MB
node 3 cpus:
node 3 size: 256000 MB
node 3 free: 112593 MB
node distances:
node   0   1   2   3 
  0:  10  21  17  28 
  1:  21  10  28  17 
  2:  17  28  10  28 
  3:  28  17  28  10 
available: 4 nodes (0-3)
node 0 cpus: 0 1 2 3 4 5 6 7 8 9 10 11 12 13 14 15 16 17 18 19 20 21 22 23
node 0 size: 64092 MB
node 0 free: 330 MB
node 1 cpus: 24 25 26 27 28 29 30 31 32 33 34 35 36 37 38 39 40 41 42 43 44 45 46 47
node 1 size: 64460 MB
node 1 free: 83 MB
node 2 cpus:
node 2 size: 256000 MB
node 2 free: 115681 MB
node 3 cpus:
node 3 size: 256000 MB
node 3 free: 112455 MB
node distances:
node   0   1   2   3 
  0:  10  21  17  28 
  1:  21  10  28  17 
  2:  17  28  10  28 
  3:  28  17  28  10 
available: 4 nodes (0-3)
node 0 cpus: 0 1 2 3 4 5 6 7 8 9 10 11 12 13 14 15 16 17 18 19 20 21 22 23
node 0 size: 64092 MB
node 0 free: 330 MB
node 1 cpus: 24 25 26 27 28 29 30 31 32 33 34 35 36 37 38 39 40 41 42 43 44 45 46 47
node 1 size: 64460 MB
node 1 free: 83 MB
node 2 cpus:
node 2 size: 256000 MB
node 2 free: 115539 MB
node 3 cpus:
node 3 size: 256000 MB
node 3 free: 112309 MB
node distances:
node   0   1   2   3 
  0:  10  21  17  28 
  1:  21  10  28  17 
  2:  17  28  10  28 
  3:  28  17  28  10 
available: 4 nodes (0-3)
node 0 cpus: 0 1 2 3 4 5 6 7 8 9 10 11 12 13 14 15 16 17 18 19 20 21 22 23
node 0 size: 64092 MB
node 0 free: 330 MB
node 1 cpus: 24 25 26 27 28 29 30 31 32 33 34 35 36 37 38 39 40 41 42 43 44 45 46 47
node 1 size: 64460 MB
node 1 free: 83 MB
node 2 cpus:
node 2 size: 256000 MB
node 2 free: 115402 MB
node 3 cpus:
node 3 size: 256000 MB
node 3 free: 112166 MB
node distances:
node   0   1   2   3 
  0:  10  21  17  28 
  1:  21  10  28  17 
  2:  17  28  10  28 
  3:  28  17  28  10 
available: 4 nodes (0-3)
node 0 cpus: 0 1 2 3 4 5 6 7 8 9 10 11 12 13 14 15 16 17 18 19 20 21 22 23
node 0 size: 64092 MB
node 0 free: 330 MB
node 1 cpus: 24 25 26 27 28 29 30 31 32 33 34 35 36 37 38 39 40 41 42 43 44 45 46 47
node 1 size: 64460 MB
node 1 free: 83 MB
node 2 cpus:
node 2 size: 256000 MB
node 2 free: 115262 MB
node 3 cpus:
node 3 size: 256000 MB
node 3 free: 112024 MB
node distances:
node   0   1   2   3 
  0:  10  21  17  28 
  1:  21  10  28  17 
  2:  17  28  10  28 
  3:  28  17  28  10 
available: 4 nodes (0-3)
node 0 cpus: 0 1 2 3 4 5 6 7 8 9 10 11 12 13 14 15 16 17 18 19 20 21 22 23
node 0 size: 64092 MB
node 0 free: 330 MB
node 1 cpus: 24 25 26 27 28 29 30 31 32 33 34 35 36 37 38 39 40 41 42 43 44 45 46 47
node 1 size: 64460 MB
node 1 free: 83 MB
node 2 cpus:
node 2 size: 256000 MB
node 2 free: 115133 MB
node 3 cpus:
node 3 size: 256000 MB
node 3 free: 111902 MB
node distances:
node   0   1   2   3 
  0:  10  21  17  28 
  1:  21  10  28  17 
  2:  17  28  10  28 
  3:  28  17  28  10 
available: 4 nodes (0-3)
node 0 cpus: 0 1 2 3 4 5 6 7 8 9 10 11 12 13 14 15 16 17 18 19 20 21 22 23
node 0 size: 64092 MB
node 0 free: 330 MB
node 1 cpus: 24 25 26 27 28 29 30 31 32 33 34 35 36 37 38 39 40 41 42 43 44 45 46 47
node 1 size: 64460 MB
node 1 free: 83 MB
node 2 cpus:
node 2 size: 256000 MB
node 2 free: 114988 MB
node 3 cpus:
node 3 size: 256000 MB
node 3 free: 111755 MB
node distances:
node   0   1   2   3 
  0:  10  21  17  28 
  1:  21  10  28  17 
  2:  17  28  10  28 
  3:  28  17  28  10 
available: 4 nodes (0-3)
node 0 cpus: 0 1 2 3 4 5 6 7 8 9 10 11 12 13 14 15 16 17 18 19 20 21 22 23
node 0 size: 64092 MB
node 0 free: 330 MB
node 1 cpus: 24 25 26 27 28 29 30 31 32 33 34 35 36 37 38 39 40 41 42 43 44 45 46 47
node 1 size: 64460 MB
node 1 free: 83 MB
node 2 cpus:
node 2 size: 256000 MB
node 2 free: 114851 MB
node 3 cpus:
node 3 size: 256000 MB
node 3 free: 111612 MB
node distances:
node   0   1   2   3 
  0:  10  21  17  28 
  1:  21  10  28  17 
  2:  17  28  10  28 
  3:  28  17  28  10 
available: 4 nodes (0-3)
node 0 cpus: 0 1 2 3 4 5 6 7 8 9 10 11 12 13 14 15 16 17 18 19 20 21 22 23
node 0 size: 64092 MB
node 0 free: 330 MB
node 1 cpus: 24 25 26 27 28 29 30 31 32 33 34 35 36 37 38 39 40 41 42 43 44 45 46 47
node 1 size: 64460 MB
node 1 free: 83 MB
node 2 cpus:
node 2 size: 256000 MB
node 2 free: 114711 MB
node 3 cpus:
node 3 size: 256000 MB
node 3 free: 111470 MB
node distances:
node   0   1   2   3 
  0:  10  21  17  28 
  1:  21  10  28  17 
  2:  17  28  10  28 
  3:  28  17  28  10 
available: 4 nodes (0-3)
node 0 cpus: 0 1 2 3 4 5 6 7 8 9 10 11 12 13 14 15 16 17 18 19 20 21 22 23
node 0 size: 64092 MB
node 0 free: 330 MB
node 1 cpus: 24 25 26 27 28 29 30 31 32 33 34 35 36 37 38 39 40 41 42 43 44 45 46 47
node 1 size: 64460 MB
node 1 free: 83 MB
node 2 cpus:
node 2 size: 256000 MB
node 2 free: 114572 MB
node 3 cpus:
node 3 size: 256000 MB
node 3 free: 111327 MB
node distances:
node   0   1   2   3 
  0:  10  21  17  28 
  1:  21  10  28  17 
  2:  17  28  10  28 
  3:  28  17  28  10 
available: 4 nodes (0-3)
node 0 cpus: 0 1 2 3 4 5 6 7 8 9 10 11 12 13 14 15 16 17 18 19 20 21 22 23
node 0 size: 64092 MB
node 0 free: 330 MB
node 1 cpus: 24 25 26 27 28 29 30 31 32 33 34 35 36 37 38 39 40 41 42 43 44 45 46 47
node 1 size: 64460 MB
node 1 free: 83 MB
node 2 cpus:
node 2 size: 256000 MB
node 2 free: 114433 MB
node 3 cpus:
node 3 size: 256000 MB
node 3 free: 111187 MB
node distances:
node   0   1   2   3 
  0:  10  21  17  28 
  1:  21  10  28  17 
  2:  17  28  10  28 
  3:  28  17  28  10 
available: 4 nodes (0-3)
node 0 cpus: 0 1 2 3 4 5 6 7 8 9 10 11 12 13 14 15 16 17 18 19 20 21 22 23
node 0 size: 64092 MB
node 0 free: 330 MB
node 1 cpus: 24 25 26 27 28 29 30 31 32 33 34 35 36 37 38 39 40 41 42 43 44 45 46 47
node 1 size: 64460 MB
node 1 free: 83 MB
node 2 cpus:
node 2 size: 256000 MB
node 2 free: 114302 MB
node 3 cpus:
node 3 size: 256000 MB
node 3 free: 111047 MB
node distances:
node   0   1   2   3 
  0:  10  21  17  28 
  1:  21  10  28  17 
  2:  17  28  10  28 
  3:  28  17  28  10 
available: 4 nodes (0-3)
node 0 cpus: 0 1 2 3 4 5 6 7 8 9 10 11 12 13 14 15 16 17 18 19 20 21 22 23
node 0 size: 64092 MB
node 0 free: 330 MB
node 1 cpus: 24 25 26 27 28 29 30 31 32 33 34 35 36 37 38 39 40 41 42 43 44 45 46 47
node 1 size: 64460 MB
node 1 free: 83 MB
node 2 cpus:
node 2 size: 256000 MB
node 2 free: 114171 MB
node 3 cpus:
node 3 size: 256000 MB
node 3 free: 110910 MB
node distances:
node   0   1   2   3 
  0:  10  21  17  28 
  1:  21  10  28  17 
  2:  17  28  10  28 
  3:  28  17  28  10 
available: 4 nodes (0-3)
node 0 cpus: 0 1 2 3 4 5 6 7 8 9 10 11 12 13 14 15 16 17 18 19 20 21 22 23
node 0 size: 64092 MB
node 0 free: 330 MB
node 1 cpus: 24 25 26 27 28 29 30 31 32 33 34 35 36 37 38 39 40 41 42 43 44 45 46 47
node 1 size: 64460 MB
node 1 free: 83 MB
node 2 cpus:
node 2 size: 256000 MB
node 2 free: 114031 MB
node 3 cpus:
node 3 size: 256000 MB
node 3 free: 110762 MB
node distances:
node   0   1   2   3 
  0:  10  21  17  28 
  1:  21  10  28  17 
  2:  17  28  10  28 
  3:  28  17  28  10 
available: 4 nodes (0-3)
node 0 cpus: 0 1 2 3 4 5 6 7 8 9 10 11 12 13 14 15 16 17 18 19 20 21 22 23
node 0 size: 64092 MB
node 0 free: 330 MB
node 1 cpus: 24 25 26 27 28 29 30 31 32 33 34 35 36 37 38 39 40 41 42 43 44 45 46 47
node 1 size: 64460 MB
node 1 free: 83 MB
node 2 cpus:
node 2 size: 256000 MB
node 2 free: 113891 MB
node 3 cpus:
node 3 size: 256000 MB
node 3 free: 110620 MB
node distances:
node   0   1   2   3 
  0:  10  21  17  28 
  1:  21  10  28  17 
  2:  17  28  10  28 
  3:  28  17  28  10 
available: 4 nodes (0-3)
node 0 cpus: 0 1 2 3 4 5 6 7 8 9 10 11 12 13 14 15 16 17 18 19 20 21 22 23
node 0 size: 64092 MB
node 0 free: 330 MB
node 1 cpus: 24 25 26 27 28 29 30 31 32 33 34 35 36 37 38 39 40 41 42 43 44 45 46 47
node 1 size: 64460 MB
node 1 free: 83 MB
node 2 cpus:
node 2 size: 256000 MB
node 2 free: 113751 MB
node 3 cpus:
node 3 size: 256000 MB
node 3 free: 110478 MB
node distances:
node   0   1   2   3 
  0:  10  21  17  28 
  1:  21  10  28  17 
  2:  17  28  10  28 
  3:  28  17  28  10 
available: 4 nodes (0-3)
node 0 cpus: 0 1 2 3 4 5 6 7 8 9 10 11 12 13 14 15 16 17 18 19 20 21 22 23
node 0 size: 64092 MB
node 0 free: 330 MB
node 1 cpus: 24 25 26 27 28 29 30 31 32 33 34 35 36 37 38 39 40 41 42 43 44 45 46 47
node 1 size: 64460 MB
node 1 free: 83 MB
node 2 cpus:
node 2 size: 256000 MB
node 2 free: 113613 MB
node 3 cpus:
node 3 size: 256000 MB
node 3 free: 110334 MB
node distances:
node   0   1   2   3 
  0:  10  21  17  28 
  1:  21  10  28  17 
  2:  17  28  10  28 
  3:  28  17  28  10 
available: 4 nodes (0-3)
node 0 cpus: 0 1 2 3 4 5 6 7 8 9 10 11 12 13 14 15 16 17 18 19 20 21 22 23
node 0 size: 64092 MB
node 0 free: 330 MB
node 1 cpus: 24 25 26 27 28 29 30 31 32 33 34 35 36 37 38 39 40 41 42 43 44 45 46 47
node 1 size: 64460 MB
node 1 free: 83 MB
node 2 cpus:
node 2 size: 256000 MB
node 2 free: 113483 MB
node 3 cpus:
node 3 size: 256000 MB
node 3 free: 110195 MB
node distances:
node   0   1   2   3 
  0:  10  21  17  28 
  1:  21  10  28  17 
  2:  17  28  10  28 
  3:  28  17  28  10 
available: 4 nodes (0-3)
node 0 cpus: 0 1 2 3 4 5 6 7 8 9 10 11 12 13 14 15 16 17 18 19 20 21 22 23
node 0 size: 64092 MB
node 0 free: 330 MB
node 1 cpus: 24 25 26 27 28 29 30 31 32 33 34 35 36 37 38 39 40 41 42 43 44 45 46 47
node 1 size: 64460 MB
node 1 free: 83 MB
node 2 cpus:
node 2 size: 256000 MB
node 2 free: 113340 MB
node 3 cpus:
node 3 size: 256000 MB
node 3 free: 110057 MB
node distances:
node   0   1   2   3 
  0:  10  21  17  28 
  1:  21  10  28  17 
  2:  17  28  10  28 
  3:  28  17  28  10 
available: 4 nodes (0-3)
node 0 cpus: 0 1 2 3 4 5 6 7 8 9 10 11 12 13 14 15 16 17 18 19 20 21 22 23
node 0 size: 64092 MB
node 0 free: 330 MB
node 1 cpus: 24 25 26 27 28 29 30 31 32 33 34 35 36 37 38 39 40 41 42 43 44 45 46 47
node 1 size: 64460 MB
node 1 free: 83 MB
node 2 cpus:
node 2 size: 256000 MB
node 2 free: 113202 MB
node 3 cpus:
node 3 size: 256000 MB
node 3 free: 109921 MB
node distances:
node   0   1   2   3 
  0:  10  21  17  28 
  1:  21  10  28  17 
  2:  17  28  10  28 
  3:  28  17  28  10 
available: 4 nodes (0-3)
node 0 cpus: 0 1 2 3 4 5 6 7 8 9 10 11 12 13 14 15 16 17 18 19 20 21 22 23
node 0 size: 64092 MB
node 0 free: 330 MB
node 1 cpus: 24 25 26 27 28 29 30 31 32 33 34 35 36 37 38 39 40 41 42 43 44 45 46 47
node 1 size: 64460 MB
node 1 free: 83 MB
node 2 cpus:
node 2 size: 256000 MB
node 2 free: 113063 MB
node 3 cpus:
node 3 size: 256000 MB
node 3 free: 109778 MB
node distances:
node   0   1   2   3 
  0:  10  21  17  28 
  1:  21  10  28  17 
  2:  17  28  10  28 
  3:  28  17  28  10 
available: 4 nodes (0-3)
node 0 cpus: 0 1 2 3 4 5 6 7 8 9 10 11 12 13 14 15 16 17 18 19 20 21 22 23
node 0 size: 64092 MB
node 0 free: 330 MB
node 1 cpus: 24 25 26 27 28 29 30 31 32 33 34 35 36 37 38 39 40 41 42 43 44 45 46 47
node 1 size: 64460 MB
node 1 free: 83 MB
node 2 cpus:
node 2 size: 256000 MB
node 2 free: 112925 MB
node 3 cpus:
node 3 size: 256000 MB
node 3 free: 109636 MB
node distances:
node   0   1   2   3 
  0:  10  21  17  28 
  1:  21  10  28  17 
  2:  17  28  10  28 
  3:  28  17  28  10 
available: 4 nodes (0-3)
node 0 cpus: 0 1 2 3 4 5 6 7 8 9 10 11 12 13 14 15 16 17 18 19 20 21 22 23
node 0 size: 64092 MB
node 0 free: 330 MB
node 1 cpus: 24 25 26 27 28 29 30 31 32 33 34 35 36 37 38 39 40 41 42 43 44 45 46 47
node 1 size: 64460 MB
node 1 free: 83 MB
node 2 cpus:
node 2 size: 256000 MB
node 2 free: 112784 MB
node 3 cpus:
node 3 size: 256000 MB
node 3 free: 109496 MB
node distances:
node   0   1   2   3 
  0:  10  21  17  28 
  1:  21  10  28  17 
  2:  17  28  10  28 
  3:  28  17  28  10 
available: 4 nodes (0-3)
node 0 cpus: 0 1 2 3 4 5 6 7 8 9 10 11 12 13 14 15 16 17 18 19 20 21 22 23
node 0 size: 64092 MB
node 0 free: 330 MB
node 1 cpus: 24 25 26 27 28 29 30 31 32 33 34 35 36 37 38 39 40 41 42 43 44 45 46 47
node 1 size: 64460 MB
node 1 free: 83 MB
node 2 cpus:
node 2 size: 256000 MB
node 2 free: 112647 MB
node 3 cpus:
node 3 size: 256000 MB
node 3 free: 109351 MB
node distances:
node   0   1   2   3 
  0:  10  21  17  28 
  1:  21  10  28  17 
  2:  17  28  10  28 
  3:  28  17  28  10 
available: 4 nodes (0-3)
node 0 cpus: 0 1 2 3 4 5 6 7 8 9 10 11 12 13 14 15 16 17 18 19 20 21 22 23
node 0 size: 64092 MB
node 0 free: 330 MB
node 1 cpus: 24 25 26 27 28 29 30 31 32 33 34 35 36 37 38 39 40 41 42 43 44 45 46 47
node 1 size: 64460 MB
node 1 free: 83 MB
node 2 cpus:
node 2 size: 256000 MB
node 2 free: 112513 MB
node 3 cpus:
node 3 size: 256000 MB
node 3 free: 109223 MB
node distances:
node   0   1   2   3 
  0:  10  21  17  28 
  1:  21  10  28  17 
  2:  17  28  10  28 
  3:  28  17  28  10 
available: 4 nodes (0-3)
node 0 cpus: 0 1 2 3 4 5 6 7 8 9 10 11 12 13 14 15 16 17 18 19 20 21 22 23
node 0 size: 64092 MB
node 0 free: 330 MB
node 1 cpus: 24 25 26 27 28 29 30 31 32 33 34 35 36 37 38 39 40 41 42 43 44 45 46 47
node 1 size: 64460 MB
node 1 free: 83 MB
node 2 cpus:
node 2 size: 256000 MB
node 2 free: 112373 MB
node 3 cpus:
node 3 size: 256000 MB
node 3 free: 109077 MB
node distances:
node   0   1   2   3 
  0:  10  21  17  28 
  1:  21  10  28  17 
  2:  17  28  10  28 
  3:  28  17  28  10 
available: 4 nodes (0-3)
node 0 cpus: 0 1 2 3 4 5 6 7 8 9 10 11 12 13 14 15 16 17 18 19 20 21 22 23
node 0 size: 64092 MB
node 0 free: 330 MB
node 1 cpus: 24 25 26 27 28 29 30 31 32 33 34 35 36 37 38 39 40 41 42 43 44 45 46 47
node 1 size: 64460 MB
node 1 free: 83 MB
node 2 cpus:
node 2 size: 256000 MB
node 2 free: 112232 MB
node 3 cpus:
node 3 size: 256000 MB
node 3 free: 108930 MB
node distances:
node   0   1   2   3 
  0:  10  21  17  28 
  1:  21  10  28  17 
  2:  17  28  10  28 
  3:  28  17  28  10 
available: 4 nodes (0-3)
node 0 cpus: 0 1 2 3 4 5 6 7 8 9 10 11 12 13 14 15 16 17 18 19 20 21 22 23
node 0 size: 64092 MB
node 0 free: 330 MB
node 1 cpus: 24 25 26 27 28 29 30 31 32 33 34 35 36 37 38 39 40 41 42 43 44 45 46 47
node 1 size: 64460 MB
node 1 free: 83 MB
node 2 cpus:
node 2 size: 256000 MB
node 2 free: 112102 MB
node 3 cpus:
node 3 size: 256000 MB
node 3 free: 108786 MB
node distances:
node   0   1   2   3 
  0:  10  21  17  28 
  1:  21  10  28  17 
  2:  17  28  10  28 
  3:  28  17  28  10 
available: 4 nodes (0-3)
node 0 cpus: 0 1 2 3 4 5 6 7 8 9 10 11 12 13 14 15 16 17 18 19 20 21 22 23
node 0 size: 64092 MB
node 0 free: 330 MB
node 1 cpus: 24 25 26 27 28 29 30 31 32 33 34 35 36 37 38 39 40 41 42 43 44 45 46 47
node 1 size: 64460 MB
node 1 free: 83 MB
node 2 cpus:
node 2 size: 256000 MB
node 2 free: 111963 MB
node 3 cpus:
node 3 size: 256000 MB
node 3 free: 108644 MB
node distances:
node   0   1   2   3 
  0:  10  21  17  28 
  1:  21  10  28  17 
  2:  17  28  10  28 
  3:  28  17  28  10 
available: 4 nodes (0-3)
node 0 cpus: 0 1 2 3 4 5 6 7 8 9 10 11 12 13 14 15 16 17 18 19 20 21 22 23
node 0 size: 64092 MB
node 0 free: 330 MB
node 1 cpus: 24 25 26 27 28 29 30 31 32 33 34 35 36 37 38 39 40 41 42 43 44 45 46 47
node 1 size: 64460 MB
node 1 free: 83 MB
node 2 cpus:
node 2 size: 256000 MB
node 2 free: 111825 MB
node 3 cpus:
node 3 size: 256000 MB
node 3 free: 108502 MB
node distances:
node   0   1   2   3 
  0:  10  21  17  28 
  1:  21  10  28  17 
  2:  17  28  10  28 
  3:  28  17  28  10 
available: 4 nodes (0-3)
node 0 cpus: 0 1 2 3 4 5 6 7 8 9 10 11 12 13 14 15 16 17 18 19 20 21 22 23
node 0 size: 64092 MB
node 0 free: 330 MB
node 1 cpus: 24 25 26 27 28 29 30 31 32 33 34 35 36 37 38 39 40 41 42 43 44 45 46 47
node 1 size: 64460 MB
node 1 free: 83 MB
node 2 cpus:
node 2 size: 256000 MB
node 2 free: 111691 MB
node 3 cpus:
node 3 size: 256000 MB
node 3 free: 108367 MB
node distances:
node   0   1   2   3 
  0:  10  21  17  28 
  1:  21  10  28  17 
  2:  17  28  10  28 
  3:  28  17  28  10 
available: 4 nodes (0-3)
node 0 cpus: 0 1 2 3 4 5 6 7 8 9 10 11 12 13 14 15 16 17 18 19 20 21 22 23
node 0 size: 64092 MB
node 0 free: 330 MB
node 1 cpus: 24 25 26 27 28 29 30 31 32 33 34 35 36 37 38 39 40 41 42 43 44 45 46 47
node 1 size: 64460 MB
node 1 free: 83 MB
node 2 cpus:
node 2 size: 256000 MB
node 2 free: 111548 MB
node 3 cpus:
node 3 size: 256000 MB
node 3 free: 108224 MB
node distances:
node   0   1   2   3 
  0:  10  21  17  28 
  1:  21  10  28  17 
  2:  17  28  10  28 
  3:  28  17  28  10 
available: 4 nodes (0-3)
node 0 cpus: 0 1 2 3 4 5 6 7 8 9 10 11 12 13 14 15 16 17 18 19 20 21 22 23
node 0 size: 64092 MB
node 0 free: 330 MB
node 1 cpus: 24 25 26 27 28 29 30 31 32 33 34 35 36 37 38 39 40 41 42 43 44 45 46 47
node 1 size: 64460 MB
node 1 free: 83 MB
node 2 cpus:
node 2 size: 256000 MB
node 2 free: 111407 MB
node 3 cpus:
node 3 size: 256000 MB
node 3 free: 108095 MB
node distances:
node   0   1   2   3 
  0:  10  21  17  28 
  1:  21  10  28  17 
  2:  17  28  10  28 
  3:  28  17  28  10 
available: 4 nodes (0-3)
node 0 cpus: 0 1 2 3 4 5 6 7 8 9 10 11 12 13 14 15 16 17 18 19 20 21 22 23
node 0 size: 64092 MB
node 0 free: 330 MB
node 1 cpus: 24 25 26 27 28 29 30 31 32 33 34 35 36 37 38 39 40 41 42 43 44 45 46 47
node 1 size: 64460 MB
node 1 free: 83 MB
node 2 cpus:
node 2 size: 256000 MB
node 2 free: 111268 MB
node 3 cpus:
node 3 size: 256000 MB
node 3 free: 107952 MB
node distances:
node   0   1   2   3 
  0:  10  21  17  28 
  1:  21  10  28  17 
  2:  17  28  10  28 
  3:  28  17  28  10 
available: 4 nodes (0-3)
node 0 cpus: 0 1 2 3 4 5 6 7 8 9 10 11 12 13 14 15 16 17 18 19 20 21 22 23
node 0 size: 64092 MB
node 0 free: 330 MB
node 1 cpus: 24 25 26 27 28 29 30 31 32 33 34 35 36 37 38 39 40 41 42 43 44 45 46 47
node 1 size: 64460 MB
node 1 free: 83 MB
node 2 cpus:
node 2 size: 256000 MB
node 2 free: 111132 MB
node 3 cpus:
node 3 size: 256000 MB
node 3 free: 107817 MB
node distances:
node   0   1   2   3 
  0:  10  21  17  28 
  1:  21  10  28  17 
  2:  17  28  10  28 
  3:  28  17  28  10 
available: 4 nodes (0-3)
node 0 cpus: 0 1 2 3 4 5 6 7 8 9 10 11 12 13 14 15 16 17 18 19 20 21 22 23
node 0 size: 64092 MB
node 0 free: 330 MB
node 1 cpus: 24 25 26 27 28 29 30 31 32 33 34 35 36 37 38 39 40 41 42 43 44 45 46 47
node 1 size: 64460 MB
node 1 free: 83 MB
node 2 cpus:
node 2 size: 256000 MB
node 2 free: 110997 MB
node 3 cpus:
node 3 size: 256000 MB
node 3 free: 107674 MB
node distances:
node   0   1   2   3 
  0:  10  21  17  28 
  1:  21  10  28  17 
  2:  17  28  10  28 
  3:  28  17  28  10 
available: 4 nodes (0-3)
node 0 cpus: 0 1 2 3 4 5 6 7 8 9 10 11 12 13 14 15 16 17 18 19 20 21 22 23
node 0 size: 64092 MB
node 0 free: 330 MB
node 1 cpus: 24 25 26 27 28 29 30 31 32 33 34 35 36 37 38 39 40 41 42 43 44 45 46 47
node 1 size: 64460 MB
node 1 free: 84 MB
node 2 cpus:
node 2 size: 256000 MB
node 2 free: 110867 MB
node 3 cpus:
node 3 size: 256000 MB
node 3 free: 107532 MB
node distances:
node   0   1   2   3 
  0:  10  21  17  28 
  1:  21  10  28  17 
  2:  17  28  10  28 
  3:  28  17  28  10 
available: 4 nodes (0-3)
node 0 cpus: 0 1 2 3 4 5 6 7 8 9 10 11 12 13 14 15 16 17 18 19 20 21 22 23
node 0 size: 64092 MB
node 0 free: 330 MB
node 1 cpus: 24 25 26 27 28 29 30 31 32 33 34 35 36 37 38 39 40 41 42 43 44 45 46 47
node 1 size: 64460 MB
node 1 free: 84 MB
node 2 cpus:
node 2 size: 256000 MB
node 2 free: 110724 MB
node 3 cpus:
node 3 size: 256000 MB
node 3 free: 107382 MB
node distances:
node   0   1   2   3 
  0:  10  21  17  28 
  1:  21  10  28  17 
  2:  17  28  10  28 
  3:  28  17  28  10 
available: 4 nodes (0-3)
node 0 cpus: 0 1 2 3 4 5 6 7 8 9 10 11 12 13 14 15 16 17 18 19 20 21 22 23
node 0 size: 64092 MB
node 0 free: 330 MB
node 1 cpus: 24 25 26 27 28 29 30 31 32 33 34 35 36 37 38 39 40 41 42 43 44 45 46 47
node 1 size: 64460 MB
node 1 free: 84 MB
node 2 cpus:
node 2 size: 256000 MB
node 2 free: 110582 MB
node 3 cpus:
node 3 size: 256000 MB
node 3 free: 107235 MB
node distances:
node   0   1   2   3 
  0:  10  21  17  28 
  1:  21  10  28  17 
  2:  17  28  10  28 
  3:  28  17  28  10 
available: 4 nodes (0-3)
node 0 cpus: 0 1 2 3 4 5 6 7 8 9 10 11 12 13 14 15 16 17 18 19 20 21 22 23
node 0 size: 64092 MB
node 0 free: 330 MB
node 1 cpus: 24 25 26 27 28 29 30 31 32 33 34 35 36 37 38 39 40 41 42 43 44 45 46 47
node 1 size: 64460 MB
node 1 free: 84 MB
node 2 cpus:
node 2 size: 256000 MB
node 2 free: 110442 MB
node 3 cpus:
node 3 size: 256000 MB
node 3 free: 107094 MB
node distances:
node   0   1   2   3 
  0:  10  21  17  28 
  1:  21  10  28  17 
  2:  17  28  10  28 
  3:  28  17  28  10 
available: 4 nodes (0-3)
node 0 cpus: 0 1 2 3 4 5 6 7 8 9 10 11 12 13 14 15 16 17 18 19 20 21 22 23
node 0 size: 64092 MB
node 0 free: 330 MB
node 1 cpus: 24 25 26 27 28 29 30 31 32 33 34 35 36 37 38 39 40 41 42 43 44 45 46 47
node 1 size: 64460 MB
node 1 free: 84 MB
node 2 cpus:
node 2 size: 256000 MB
node 2 free: 110304 MB
node 3 cpus:
node 3 size: 256000 MB
node 3 free: 106952 MB
node distances:
node   0   1   2   3 
  0:  10  21  17  28 
  1:  21  10  28  17 
  2:  17  28  10  28 
  3:  28  17  28  10 
available: 4 nodes (0-3)
node 0 cpus: 0 1 2 3 4 5 6 7 8 9 10 11 12 13 14 15 16 17 18 19 20 21 22 23
node 0 size: 64092 MB
node 0 free: 330 MB
node 1 cpus: 24 25 26 27 28 29 30 31 32 33 34 35 36 37 38 39 40 41 42 43 44 45 46 47
node 1 size: 64460 MB
node 1 free: 84 MB
node 2 cpus:
node 2 size: 256000 MB
node 2 free: 110169 MB
node 3 cpus:
node 3 size: 256000 MB
node 3 free: 106812 MB
node distances:
node   0   1   2   3 
  0:  10  21  17  28 
  1:  21  10  28  17 
  2:  17  28  10  28 
  3:  28  17  28  10 
available: 4 nodes (0-3)
node 0 cpus: 0 1 2 3 4 5 6 7 8 9 10 11 12 13 14 15 16 17 18 19 20 21 22 23
node 0 size: 64092 MB
node 0 free: 330 MB
node 1 cpus: 24 25 26 27 28 29 30 31 32 33 34 35 36 37 38 39 40 41 42 43 44 45 46 47
node 1 size: 64460 MB
node 1 free: 84 MB
node 2 cpus:
node 2 size: 256000 MB
node 2 free: 110041 MB
node 3 cpus:
node 3 size: 256000 MB
node 3 free: 106676 MB
node distances:
node   0   1   2   3 
  0:  10  21  17  28 
  1:  21  10  28  17 
  2:  17  28  10  28 
  3:  28  17  28  10 
available: 4 nodes (0-3)
node 0 cpus: 0 1 2 3 4 5 6 7 8 9 10 11 12 13 14 15 16 17 18 19 20 21 22 23
node 0 size: 64092 MB
node 0 free: 330 MB
node 1 cpus: 24 25 26 27 28 29 30 31 32 33 34 35 36 37 38 39 40 41 42 43 44 45 46 47
node 1 size: 64460 MB
node 1 free: 84 MB
node 2 cpus:
node 2 size: 256000 MB
node 2 free: 109897 MB
node 3 cpus:
node 3 size: 256000 MB
node 3 free: 106529 MB
node distances:
node   0   1   2   3 
  0:  10  21  17  28 
  1:  21  10  28  17 
  2:  17  28  10  28 
  3:  28  17  28  10 
available: 4 nodes (0-3)
node 0 cpus: 0 1 2 3 4 5 6 7 8 9 10 11 12 13 14 15 16 17 18 19 20 21 22 23
node 0 size: 64092 MB
node 0 free: 330 MB
node 1 cpus: 24 25 26 27 28 29 30 31 32 33 34 35 36 37 38 39 40 41 42 43 44 45 46 47
node 1 size: 64460 MB
node 1 free: 84 MB
node 2 cpus:
node 2 size: 256000 MB
node 2 free: 109758 MB
node 3 cpus:
node 3 size: 256000 MB
node 3 free: 106391 MB
node distances:
node   0   1   2   3 
  0:  10  21  17  28 
  1:  21  10  28  17 
  2:  17  28  10  28 
  3:  28  17  28  10 
available: 4 nodes (0-3)
node 0 cpus: 0 1 2 3 4 5 6 7 8 9 10 11 12 13 14 15 16 17 18 19 20 21 22 23
node 0 size: 64092 MB
node 0 free: 330 MB
node 1 cpus: 24 25 26 27 28 29 30 31 32 33 34 35 36 37 38 39 40 41 42 43 44 45 46 47
node 1 size: 64460 MB
node 1 free: 84 MB
node 2 cpus:
node 2 size: 256000 MB
node 2 free: 109620 MB
node 3 cpus:
node 3 size: 256000 MB
node 3 free: 106248 MB
node distances:
node   0   1   2   3 
  0:  10  21  17  28 
  1:  21  10  28  17 
  2:  17  28  10  28 
  3:  28  17  28  10 
available: 4 nodes (0-3)
node 0 cpus: 0 1 2 3 4 5 6 7 8 9 10 11 12 13 14 15 16 17 18 19 20 21 22 23
node 0 size: 64092 MB
node 0 free: 330 MB
node 1 cpus: 24 25 26 27 28 29 30 31 32 33 34 35 36 37 38 39 40 41 42 43 44 45 46 47
node 1 size: 64460 MB
node 1 free: 84 MB
node 2 cpus:
node 2 size: 256000 MB
node 2 free: 109481 MB
node 3 cpus:
node 3 size: 256000 MB
node 3 free: 106105 MB
node distances:
node   0   1   2   3 
  0:  10  21  17  28 
  1:  21  10  28  17 
  2:  17  28  10  28 
  3:  28  17  28  10 
available: 4 nodes (0-3)
node 0 cpus: 0 1 2 3 4 5 6 7 8 9 10 11 12 13 14 15 16 17 18 19 20 21 22 23
node 0 size: 64092 MB
node 0 free: 330 MB
node 1 cpus: 24 25 26 27 28 29 30 31 32 33 34 35 36 37 38 39 40 41 42 43 44 45 46 47
node 1 size: 64460 MB
node 1 free: 84 MB
node 2 cpus:
node 2 size: 256000 MB
node 2 free: 109341 MB
node 3 cpus:
node 3 size: 256000 MB
node 3 free: 105962 MB
node distances:
node   0   1   2   3 
  0:  10  21  17  28 
  1:  21  10  28  17 
  2:  17  28  10  28 
  3:  28  17  28  10 
available: 4 nodes (0-3)
node 0 cpus: 0 1 2 3 4 5 6 7 8 9 10 11 12 13 14 15 16 17 18 19 20 21 22 23
node 0 size: 64092 MB
node 0 free: 330 MB
node 1 cpus: 24 25 26 27 28 29 30 31 32 33 34 35 36 37 38 39 40 41 42 43 44 45 46 47
node 1 size: 64460 MB
node 1 free: 84 MB
node 2 cpus:
node 2 size: 256000 MB
node 2 free: 109207 MB
node 3 cpus:
node 3 size: 256000 MB
node 3 free: 105823 MB
node distances:
node   0   1   2   3 
  0:  10  21  17  28 
  1:  21  10  28  17 
  2:  17  28  10  28 
  3:  28  17  28  10 
available: 4 nodes (0-3)
node 0 cpus: 0 1 2 3 4 5 6 7 8 9 10 11 12 13 14 15 16 17 18 19 20 21 22 23
node 0 size: 64092 MB
node 0 free: 330 MB
node 1 cpus: 24 25 26 27 28 29 30 31 32 33 34 35 36 37 38 39 40 41 42 43 44 45 46 47
node 1 size: 64460 MB
node 1 free: 84 MB
node 2 cpus:
node 2 size: 256000 MB
node 2 free: 109069 MB
node 3 cpus:
node 3 size: 256000 MB
node 3 free: 105686 MB
node distances:
node   0   1   2   3 
  0:  10  21  17  28 
  1:  21  10  28  17 
  2:  17  28  10  28 
  3:  28  17  28  10 
available: 4 nodes (0-3)
node 0 cpus: 0 1 2 3 4 5 6 7 8 9 10 11 12 13 14 15 16 17 18 19 20 21 22 23
node 0 size: 64092 MB
node 0 free: 330 MB
node 1 cpus: 24 25 26 27 28 29 30 31 32 33 34 35 36 37 38 39 40 41 42 43 44 45 46 47
node 1 size: 64460 MB
node 1 free: 84 MB
node 2 cpus:
node 2 size: 256000 MB
node 2 free: 108929 MB
node 3 cpus:
node 3 size: 256000 MB
node 3 free: 105544 MB
node distances:
node   0   1   2   3 
  0:  10  21  17  28 
  1:  21  10  28  17 
  2:  17  28  10  28 
  3:  28  17  28  10 
available: 4 nodes (0-3)
node 0 cpus: 0 1 2 3 4 5 6 7 8 9 10 11 12 13 14 15 16 17 18 19 20 21 22 23
node 0 size: 64092 MB
node 0 free: 330 MB
node 1 cpus: 24 25 26 27 28 29 30 31 32 33 34 35 36 37 38 39 40 41 42 43 44 45 46 47
node 1 size: 64460 MB
node 1 free: 84 MB
node 2 cpus:
node 2 size: 256000 MB
node 2 free: 108789 MB
node 3 cpus:
node 3 size: 256000 MB
node 3 free: 105401 MB
node distances:
node   0   1   2   3 
  0:  10  21  17  28 
  1:  21  10  28  17 
  2:  17  28  10  28 
  3:  28  17  28  10 
available: 4 nodes (0-3)
node 0 cpus: 0 1 2 3 4 5 6 7 8 9 10 11 12 13 14 15 16 17 18 19 20 21 22 23
node 0 size: 64092 MB
node 0 free: 330 MB
node 1 cpus: 24 25 26 27 28 29 30 31 32 33 34 35 36 37 38 39 40 41 42 43 44 45 46 47
node 1 size: 64460 MB
node 1 free: 84 MB
node 2 cpus:
node 2 size: 256000 MB
node 2 free: 108649 MB
node 3 cpus:
node 3 size: 256000 MB
node 3 free: 105261 MB
node distances:
node   0   1   2   3 
  0:  10  21  17  28 
  1:  21  10  28  17 
  2:  17  28  10  28 
  3:  28  17  28  10 
available: 4 nodes (0-3)
node 0 cpus: 0 1 2 3 4 5 6 7 8 9 10 11 12 13 14 15 16 17 18 19 20 21 22 23
node 0 size: 64092 MB
node 0 free: 330 MB
node 1 cpus: 24 25 26 27 28 29 30 31 32 33 34 35 36 37 38 39 40 41 42 43 44 45 46 47
node 1 size: 64460 MB
node 1 free: 84 MB
node 2 cpus:
node 2 size: 256000 MB
node 2 free: 108511 MB
node 3 cpus:
node 3 size: 256000 MB
node 3 free: 105126 MB
node distances:
node   0   1   2   3 
  0:  10  21  17  28 
  1:  21  10  28  17 
  2:  17  28  10  28 
  3:  28  17  28  10 
available: 4 nodes (0-3)
node 0 cpus: 0 1 2 3 4 5 6 7 8 9 10 11 12 13 14 15 16 17 18 19 20 21 22 23
node 0 size: 64092 MB
node 0 free: 330 MB
node 1 cpus: 24 25 26 27 28 29 30 31 32 33 34 35 36 37 38 39 40 41 42 43 44 45 46 47
node 1 size: 64460 MB
node 1 free: 84 MB
node 2 cpus:
node 2 size: 256000 MB
node 2 free: 108380 MB
node 3 cpus:
node 3 size: 256000 MB
node 3 free: 104997 MB
node distances:
node   0   1   2   3 
  0:  10  21  17  28 
  1:  21  10  28  17 
  2:  17  28  10  28 
  3:  28  17  28  10 
available: 4 nodes (0-3)
node 0 cpus: 0 1 2 3 4 5 6 7 8 9 10 11 12 13 14 15 16 17 18 19 20 21 22 23
node 0 size: 64092 MB
node 0 free: 330 MB
node 1 cpus: 24 25 26 27 28 29 30 31 32 33 34 35 36 37 38 39 40 41 42 43 44 45 46 47
node 1 size: 64460 MB
node 1 free: 84 MB
node 2 cpus:
node 2 size: 256000 MB
node 2 free: 108238 MB
node 3 cpus:
node 3 size: 256000 MB
node 3 free: 104851 MB
node distances:
node   0   1   2   3 
  0:  10  21  17  28 
  1:  21  10  28  17 
  2:  17  28  10  28 
  3:  28  17  28  10 
available: 4 nodes (0-3)
node 0 cpus: 0 1 2 3 4 5 6 7 8 9 10 11 12 13 14 15 16 17 18 19 20 21 22 23
node 0 size: 64092 MB
node 0 free: 330 MB
node 1 cpus: 24 25 26 27 28 29 30 31 32 33 34 35 36 37 38 39 40 41 42 43 44 45 46 47
node 1 size: 64460 MB
node 1 free: 84 MB
node 2 cpus:
node 2 size: 256000 MB
node 2 free: 108097 MB
node 3 cpus:
node 3 size: 256000 MB
node 3 free: 104717 MB
node distances:
node   0   1   2   3 
  0:  10  21  17  28 
  1:  21  10  28  17 
  2:  17  28  10  28 
  3:  28  17  28  10 
available: 4 nodes (0-3)
node 0 cpus: 0 1 2 3 4 5 6 7 8 9 10 11 12 13 14 15 16 17 18 19 20 21 22 23
node 0 size: 64092 MB
node 0 free: 330 MB
node 1 cpus: 24 25 26 27 28 29 30 31 32 33 34 35 36 37 38 39 40 41 42 43 44 45 46 47
node 1 size: 64460 MB
node 1 free: 84 MB
node 2 cpus:
node 2 size: 256000 MB
node 2 free: 107960 MB
node 3 cpus:
node 3 size: 256000 MB
node 3 free: 104573 MB
node distances:
node   0   1   2   3 
  0:  10  21  17  28 
  1:  21  10  28  17 
  2:  17  28  10  28 
  3:  28  17  28  10 
available: 4 nodes (0-3)
node 0 cpus: 0 1 2 3 4 5 6 7 8 9 10 11 12 13 14 15 16 17 18 19 20 21 22 23
node 0 size: 64092 MB
node 0 free: 330 MB
node 1 cpus: 24 25 26 27 28 29 30 31 32 33 34 35 36 37 38 39 40 41 42 43 44 45 46 47
node 1 size: 64460 MB
node 1 free: 84 MB
node 2 cpus:
node 2 size: 256000 MB
node 2 free: 107821 MB
node 3 cpus:
node 3 size: 256000 MB
node 3 free: 104431 MB
node distances:
node   0   1   2   3 
  0:  10  21  17  28 
  1:  21  10  28  17 
  2:  17  28  10  28 
  3:  28  17  28  10 
available: 4 nodes (0-3)
node 0 cpus: 0 1 2 3 4 5 6 7 8 9 10 11 12 13 14 15 16 17 18 19 20 21 22 23
node 0 size: 64092 MB
node 0 free: 330 MB
node 1 cpus: 24 25 26 27 28 29 30 31 32 33 34 35 36 37 38 39 40 41 42 43 44 45 46 47
node 1 size: 64460 MB
node 1 free: 84 MB
node 2 cpus:
node 2 size: 256000 MB
node 2 free: 107688 MB
node 3 cpus:
node 3 size: 256000 MB
node 3 free: 104292 MB
node distances:
node   0   1   2   3 
  0:  10  21  17  28 
  1:  21  10  28  17 
  2:  17  28  10  28 
  3:  28  17  28  10 
available: 4 nodes (0-3)
node 0 cpus: 0 1 2 3 4 5 6 7 8 9 10 11 12 13 14 15 16 17 18 19 20 21 22 23
node 0 size: 64092 MB
node 0 free: 330 MB
node 1 cpus: 24 25 26 27 28 29 30 31 32 33 34 35 36 37 38 39 40 41 42 43 44 45 46 47
node 1 size: 64460 MB
node 1 free: 84 MB
node 2 cpus:
node 2 size: 256000 MB
node 2 free: 107568 MB
node 3 cpus:
node 3 size: 256000 MB
node 3 free: 104159 MB
node distances:
node   0   1   2   3 
  0:  10  21  17  28 
  1:  21  10  28  17 
  2:  17  28  10  28 
  3:  28  17  28  10 
available: 4 nodes (0-3)
node 0 cpus: 0 1 2 3 4 5 6 7 8 9 10 11 12 13 14 15 16 17 18 19 20 21 22 23
node 0 size: 64092 MB
node 0 free: 330 MB
node 1 cpus: 24 25 26 27 28 29 30 31 32 33 34 35 36 37 38 39 40 41 42 43 44 45 46 47
node 1 size: 64460 MB
node 1 free: 84 MB
node 2 cpus:
node 2 size: 256000 MB
node 2 free: 107426 MB
node 3 cpus:
node 3 size: 256000 MB
node 3 free: 104012 MB
node distances:
node   0   1   2   3 
  0:  10  21  17  28 
  1:  21  10  28  17 
  2:  17  28  10  28 
  3:  28  17  28  10 
available: 4 nodes (0-3)
node 0 cpus: 0 1 2 3 4 5 6 7 8 9 10 11 12 13 14 15 16 17 18 19 20 21 22 23
node 0 size: 64092 MB
node 0 free: 330 MB
node 1 cpus: 24 25 26 27 28 29 30 31 32 33 34 35 36 37 38 39 40 41 42 43 44 45 46 47
node 1 size: 64460 MB
node 1 free: 84 MB
node 2 cpus:
node 2 size: 256000 MB
node 2 free: 107291 MB
node 3 cpus:
node 3 size: 256000 MB
node 3 free: 103871 MB
node distances:
node   0   1   2   3 
  0:  10  21  17  28 
  1:  21  10  28  17 
  2:  17  28  10  28 
  3:  28  17  28  10 
available: 4 nodes (0-3)
node 0 cpus: 0 1 2 3 4 5 6 7 8 9 10 11 12 13 14 15 16 17 18 19 20 21 22 23
node 0 size: 64092 MB
node 0 free: 330 MB
node 1 cpus: 24 25 26 27 28 29 30 31 32 33 34 35 36 37 38 39 40 41 42 43 44 45 46 47
node 1 size: 64460 MB
node 1 free: 84 MB
node 2 cpus:
node 2 size: 256000 MB
node 2 free: 107150 MB
node 3 cpus:
node 3 size: 256000 MB
node 3 free: 103727 MB
node distances:
node   0   1   2   3 
  0:  10  21  17  28 
  1:  21  10  28  17 
  2:  17  28  10  28 
  3:  28  17  28  10 
available: 4 nodes (0-3)
node 0 cpus: 0 1 2 3 4 5 6 7 8 9 10 11 12 13 14 15 16 17 18 19 20 21 22 23
node 0 size: 64092 MB
node 0 free: 330 MB
node 1 cpus: 24 25 26 27 28 29 30 31 32 33 34 35 36 37 38 39 40 41 42 43 44 45 46 47
node 1 size: 64460 MB
node 1 free: 84 MB
node 2 cpus:
node 2 size: 256000 MB
node 2 free: 107011 MB
node 3 cpus:
node 3 size: 256000 MB
node 3 free: 103587 MB
node distances:
node   0   1   2   3 
  0:  10  21  17  28 
  1:  21  10  28  17 
  2:  17  28  10  28 
  3:  28  17  28  10 
available: 4 nodes (0-3)
node 0 cpus: 0 1 2 3 4 5 6 7 8 9 10 11 12 13 14 15 16 17 18 19 20 21 22 23
node 0 size: 64092 MB
node 0 free: 330 MB
node 1 cpus: 24 25 26 27 28 29 30 31 32 33 34 35 36 37 38 39 40 41 42 43 44 45 46 47
node 1 size: 64460 MB
node 1 free: 84 MB
node 2 cpus:
node 2 size: 256000 MB
node 2 free: 106874 MB
node 3 cpus:
node 3 size: 256000 MB
node 3 free: 103445 MB
node distances:
node   0   1   2   3 
  0:  10  21  17  28 
  1:  21  10  28  17 
  2:  17  28  10  28 
  3:  28  17  28  10 
available: 4 nodes (0-3)
node 0 cpus: 0 1 2 3 4 5 6 7 8 9 10 11 12 13 14 15 16 17 18 19 20 21 22 23
node 0 size: 64092 MB
node 0 free: 330 MB
node 1 cpus: 24 25 26 27 28 29 30 31 32 33 34 35 36 37 38 39 40 41 42 43 44 45 46 47
node 1 size: 64460 MB
node 1 free: 84 MB
node 2 cpus:
node 2 size: 256000 MB
node 2 free: 106743 MB
node 3 cpus:
node 3 size: 256000 MB
node 3 free: 103308 MB
node distances:
node   0   1   2   3 
  0:  10  21  17  28 
  1:  21  10  28  17 
  2:  17  28  10  28 
  3:  28  17  28  10 
available: 4 nodes (0-3)
node 0 cpus: 0 1 2 3 4 5 6 7 8 9 10 11 12 13 14 15 16 17 18 19 20 21 22 23
node 0 size: 64092 MB
node 0 free: 330 MB
node 1 cpus: 24 25 26 27 28 29 30 31 32 33 34 35 36 37 38 39 40 41 42 43 44 45 46 47
node 1 size: 64460 MB
node 1 free: 84 MB
node 2 cpus:
node 2 size: 256000 MB
node 2 free: 106599 MB
node 3 cpus:
node 3 size: 256000 MB
node 3 free: 103158 MB
node distances:
node   0   1   2   3 
  0:  10  21  17  28 
  1:  21  10  28  17 
  2:  17  28  10  28 
  3:  28  17  28  10 
available: 4 nodes (0-3)
node 0 cpus: 0 1 2 3 4 5 6 7 8 9 10 11 12 13 14 15 16 17 18 19 20 21 22 23
node 0 size: 64092 MB
node 0 free: 330 MB
node 1 cpus: 24 25 26 27 28 29 30 31 32 33 34 35 36 37 38 39 40 41 42 43 44 45 46 47
node 1 size: 64460 MB
node 1 free: 84 MB
node 2 cpus:
node 2 size: 256000 MB
node 2 free: 106460 MB
node 3 cpus:
node 3 size: 256000 MB
node 3 free: 103020 MB
node distances:
node   0   1   2   3 
  0:  10  21  17  28 
  1:  21  10  28  17 
  2:  17  28  10  28 
  3:  28  17  28  10 
available: 4 nodes (0-3)
node 0 cpus: 0 1 2 3 4 5 6 7 8 9 10 11 12 13 14 15 16 17 18 19 20 21 22 23
node 0 size: 64092 MB
node 0 free: 330 MB
node 1 cpus: 24 25 26 27 28 29 30 31 32 33 34 35 36 37 38 39 40 41 42 43 44 45 46 47
node 1 size: 64460 MB
node 1 free: 84 MB
node 2 cpus:
node 2 size: 256000 MB
node 2 free: 106322 MB
node 3 cpus:
node 3 size: 256000 MB
node 3 free: 102881 MB
node distances:
node   0   1   2   3 
  0:  10  21  17  28 
  1:  21  10  28  17 
  2:  17  28  10  28 
  3:  28  17  28  10 
available: 4 nodes (0-3)
node 0 cpus: 0 1 2 3 4 5 6 7 8 9 10 11 12 13 14 15 16 17 18 19 20 21 22 23
node 0 size: 64092 MB
node 0 free: 330 MB
node 1 cpus: 24 25 26 27 28 29 30 31 32 33 34 35 36 37 38 39 40 41 42 43 44 45 46 47
node 1 size: 64460 MB
node 1 free: 84 MB
node 2 cpus:
node 2 size: 256000 MB
node 2 free: 106183 MB
node 3 cpus:
node 3 size: 256000 MB
node 3 free: 102740 MB
node distances:
node   0   1   2   3 
  0:  10  21  17  28 
  1:  21  10  28  17 
  2:  17  28  10  28 
  3:  28  17  28  10 
available: 4 nodes (0-3)
node 0 cpus: 0 1 2 3 4 5 6 7 8 9 10 11 12 13 14 15 16 17 18 19 20 21 22 23
node 0 size: 64092 MB
node 0 free: 330 MB
node 1 cpus: 24 25 26 27 28 29 30 31 32 33 34 35 36 37 38 39 40 41 42 43 44 45 46 47
node 1 size: 64460 MB
node 1 free: 84 MB
node 2 cpus:
node 2 size: 256000 MB
node 2 free: 106045 MB
node 3 cpus:
node 3 size: 256000 MB
node 3 free: 102600 MB
node distances:
node   0   1   2   3 
  0:  10  21  17  28 
  1:  21  10  28  17 
  2:  17  28  10  28 
  3:  28  17  28  10 
available: 4 nodes (0-3)
node 0 cpus: 0 1 2 3 4 5 6 7 8 9 10 11 12 13 14 15 16 17 18 19 20 21 22 23
node 0 size: 64092 MB
node 0 free: 330 MB
node 1 cpus: 24 25 26 27 28 29 30 31 32 33 34 35 36 37 38 39 40 41 42 43 44 45 46 47
node 1 size: 64460 MB
node 1 free: 84 MB
node 2 cpus:
node 2 size: 256000 MB
node 2 free: 105913 MB
node 3 cpus:
node 3 size: 256000 MB
node 3 free: 102465 MB
node distances:
node   0   1   2   3 
  0:  10  21  17  28 
  1:  21  10  28  17 
  2:  17  28  10  28 
  3:  28  17  28  10 
available: 4 nodes (0-3)
node 0 cpus: 0 1 2 3 4 5 6 7 8 9 10 11 12 13 14 15 16 17 18 19 20 21 22 23
node 0 size: 64092 MB
node 0 free: 330 MB
node 1 cpus: 24 25 26 27 28 29 30 31 32 33 34 35 36 37 38 39 40 41 42 43 44 45 46 47
node 1 size: 64460 MB
node 1 free: 84 MB
node 2 cpus:
node 2 size: 256000 MB
node 2 free: 105777 MB
node 3 cpus:
node 3 size: 256000 MB
node 3 free: 102326 MB
node distances:
node   0   1   2   3 
  0:  10  21  17  28 
  1:  21  10  28  17 
  2:  17  28  10  28 
  3:  28  17  28  10 
available: 4 nodes (0-3)
node 0 cpus: 0 1 2 3 4 5 6 7 8 9 10 11 12 13 14 15 16 17 18 19 20 21 22 23
node 0 size: 64092 MB
node 0 free: 330 MB
node 1 cpus: 24 25 26 27 28 29 30 31 32 33 34 35 36 37 38 39 40 41 42 43 44 45 46 47
node 1 size: 64460 MB
node 1 free: 84 MB
node 2 cpus:
node 2 size: 256000 MB
node 2 free: 105638 MB
node 3 cpus:
node 3 size: 256000 MB
node 3 free: 102180 MB
node distances:
node   0   1   2   3 
  0:  10  21  17  28 
  1:  21  10  28  17 
  2:  17  28  10  28 
  3:  28  17  28  10 
available: 4 nodes (0-3)
node 0 cpus: 0 1 2 3 4 5 6 7 8 9 10 11 12 13 14 15 16 17 18 19 20 21 22 23
node 0 size: 64092 MB
node 0 free: 330 MB
node 1 cpus: 24 25 26 27 28 29 30 31 32 33 34 35 36 37 38 39 40 41 42 43 44 45 46 47
node 1 size: 64460 MB
node 1 free: 84 MB
node 2 cpus:
node 2 size: 256000 MB
node 2 free: 105496 MB
node 3 cpus:
node 3 size: 256000 MB
node 3 free: 102037 MB
node distances:
node   0   1   2   3 
  0:  10  21  17  28 
  1:  21  10  28  17 
  2:  17  28  10  28 
  3:  28  17  28  10 
available: 4 nodes (0-3)
node 0 cpus: 0 1 2 3 4 5 6 7 8 9 10 11 12 13 14 15 16 17 18 19 20 21 22 23
node 0 size: 64092 MB
node 0 free: 330 MB
node 1 cpus: 24 25 26 27 28 29 30 31 32 33 34 35 36 37 38 39 40 41 42 43 44 45 46 47
node 1 size: 64460 MB
node 1 free: 84 MB
node 2 cpus:
node 2 size: 256000 MB
node 2 free: 105359 MB
node 3 cpus:
node 3 size: 256000 MB
node 3 free: 101895 MB
node distances:
node   0   1   2   3 
  0:  10  21  17  28 
  1:  21  10  28  17 
  2:  17  28  10  28 
  3:  28  17  28  10 
available: 4 nodes (0-3)
node 0 cpus: 0 1 2 3 4 5 6 7 8 9 10 11 12 13 14 15 16 17 18 19 20 21 22 23
node 0 size: 64092 MB
node 0 free: 330 MB
node 1 cpus: 24 25 26 27 28 29 30 31 32 33 34 35 36 37 38 39 40 41 42 43 44 45 46 47
node 1 size: 64460 MB
node 1 free: 84 MB
node 2 cpus:
node 2 size: 256000 MB
node 2 free: 105223 MB
node 3 cpus:
node 3 size: 256000 MB
node 3 free: 101752 MB
node distances:
node   0   1   2   3 
  0:  10  21  17  28 
  1:  21  10  28  17 
  2:  17  28  10  28 
  3:  28  17  28  10 
available: 4 nodes (0-3)
node 0 cpus: 0 1 2 3 4 5 6 7 8 9 10 11 12 13 14 15 16 17 18 19 20 21 22 23
node 0 size: 64092 MB
node 0 free: 330 MB
node 1 cpus: 24 25 26 27 28 29 30 31 32 33 34 35 36 37 38 39 40 41 42 43 44 45 46 47
node 1 size: 64460 MB
node 1 free: 84 MB
node 2 cpus:
node 2 size: 256000 MB
node 2 free: 105090 MB
node 3 cpus:
node 3 size: 256000 MB
node 3 free: 101633 MB
node distances:
node   0   1   2   3 
  0:  10  21  17  28 
  1:  21  10  28  17 
  2:  17  28  10  28 
  3:  28  17  28  10 
available: 4 nodes (0-3)
node 0 cpus: 0 1 2 3 4 5 6 7 8 9 10 11 12 13 14 15 16 17 18 19 20 21 22 23
node 0 size: 64092 MB
node 0 free: 330 MB
node 1 cpus: 24 25 26 27 28 29 30 31 32 33 34 35 36 37 38 39 40 41 42 43 44 45 46 47
node 1 size: 64460 MB
node 1 free: 84 MB
node 2 cpus:
node 2 size: 256000 MB
node 2 free: 104951 MB
node 3 cpus:
node 3 size: 256000 MB
node 3 free: 101491 MB
node distances:
node   0   1   2   3 
  0:  10  21  17  28 
  1:  21  10  28  17 
  2:  17  28  10  28 
  3:  28  17  28  10 
available: 4 nodes (0-3)
node 0 cpus: 0 1 2 3 4 5 6 7 8 9 10 11 12 13 14 15 16 17 18 19 20 21 22 23
node 0 size: 64092 MB
node 0 free: 330 MB
node 1 cpus: 24 25 26 27 28 29 30 31 32 33 34 35 36 37 38 39 40 41 42 43 44 45 46 47
node 1 size: 64460 MB
node 1 free: 84 MB
node 2 cpus:
node 2 size: 256000 MB
node 2 free: 104810 MB
node 3 cpus:
node 3 size: 256000 MB
node 3 free: 101345 MB
node distances:
node   0   1   2   3 
  0:  10  21  17  28 
  1:  21  10  28  17 
  2:  17  28  10  28 
  3:  28  17  28  10 
available: 4 nodes (0-3)
node 0 cpus: 0 1 2 3 4 5 6 7 8 9 10 11 12 13 14 15 16 17 18 19 20 21 22 23
node 0 size: 64092 MB
node 0 free: 330 MB
node 1 cpus: 24 25 26 27 28 29 30 31 32 33 34 35 36 37 38 39 40 41 42 43 44 45 46 47
node 1 size: 64460 MB
node 1 free: 84 MB
node 2 cpus:
node 2 size: 256000 MB
node 2 free: 104671 MB
node 3 cpus:
node 3 size: 256000 MB
node 3 free: 101205 MB
node distances:
node   0   1   2   3 
  0:  10  21  17  28 
  1:  21  10  28  17 
  2:  17  28  10  28 
  3:  28  17  28  10 
available: 4 nodes (0-3)
node 0 cpus: 0 1 2 3 4 5 6 7 8 9 10 11 12 13 14 15 16 17 18 19 20 21 22 23
node 0 size: 64092 MB
node 0 free: 330 MB
node 1 cpus: 24 25 26 27 28 29 30 31 32 33 34 35 36 37 38 39 40 41 42 43 44 45 46 47
node 1 size: 64460 MB
node 1 free: 84 MB
node 2 cpus:
node 2 size: 256000 MB
node 2 free: 104533 MB
node 3 cpus:
node 3 size: 256000 MB
node 3 free: 101064 MB
node distances:
node   0   1   2   3 
  0:  10  21  17  28 
  1:  21  10  28  17 
  2:  17  28  10  28 
  3:  28  17  28  10 
available: 4 nodes (0-3)
node 0 cpus: 0 1 2 3 4 5 6 7 8 9 10 11 12 13 14 15 16 17 18 19 20 21 22 23
node 0 size: 64092 MB
node 0 free: 330 MB
node 1 cpus: 24 25 26 27 28 29 30 31 32 33 34 35 36 37 38 39 40 41 42 43 44 45 46 47
node 1 size: 64460 MB
node 1 free: 84 MB
node 2 cpus:
node 2 size: 256000 MB
node 2 free: 104395 MB
node 3 cpus:
node 3 size: 256000 MB
node 3 free: 100923 MB
node distances:
node   0   1   2   3 
  0:  10  21  17  28 
  1:  21  10  28  17 
  2:  17  28  10  28 
  3:  28  17  28  10 
available: 4 nodes (0-3)
node 0 cpus: 0 1 2 3 4 5 6 7 8 9 10 11 12 13 14 15 16 17 18 19 20 21 22 23
node 0 size: 64092 MB
node 0 free: 330 MB
node 1 cpus: 24 25 26 27 28 29 30 31 32 33 34 35 36 37 38 39 40 41 42 43 44 45 46 47
node 1 size: 64460 MB
node 1 free: 84 MB
node 2 cpus:
node 2 size: 256000 MB
node 2 free: 104267 MB
node 3 cpus:
node 3 size: 256000 MB
node 3 free: 100785 MB
node distances:
node   0   1   2   3 
  0:  10  21  17  28 
  1:  21  10  28  17 
  2:  17  28  10  28 
  3:  28  17  28  10 
available: 4 nodes (0-3)
node 0 cpus: 0 1 2 3 4 5 6 7 8 9 10 11 12 13 14 15 16 17 18 19 20 21 22 23
node 0 size: 64092 MB
node 0 free: 330 MB
node 1 cpus: 24 25 26 27 28 29 30 31 32 33 34 35 36 37 38 39 40 41 42 43 44 45 46 47
node 1 size: 64460 MB
node 1 free: 84 MB
node 2 cpus:
node 2 size: 256000 MB
node 2 free: 104136 MB
node 3 cpus:
node 3 size: 256000 MB
node 3 free: 100643 MB
node distances:
node   0   1   2   3 
  0:  10  21  17  28 
  1:  21  10  28  17 
  2:  17  28  10  28 
  3:  28  17  28  10 
available: 4 nodes (0-3)
node 0 cpus: 0 1 2 3 4 5 6 7 8 9 10 11 12 13 14 15 16 17 18 19 20 21 22 23
node 0 size: 64092 MB
node 0 free: 330 MB
node 1 cpus: 24 25 26 27 28 29 30 31 32 33 34 35 36 37 38 39 40 41 42 43 44 45 46 47
node 1 size: 64460 MB
node 1 free: 84 MB
node 2 cpus:
node 2 size: 256000 MB
node 2 free: 103997 MB
node 3 cpus:
node 3 size: 256000 MB
node 3 free: 100493 MB
node distances:
node   0   1   2   3 
  0:  10  21  17  28 
  1:  21  10  28  17 
  2:  17  28  10  28 
  3:  28  17  28  10 
available: 4 nodes (0-3)
node 0 cpus: 0 1 2 3 4 5 6 7 8 9 10 11 12 13 14 15 16 17 18 19 20 21 22 23
node 0 size: 64092 MB
node 0 free: 330 MB
node 1 cpus: 24 25 26 27 28 29 30 31 32 33 34 35 36 37 38 39 40 41 42 43 44 45 46 47
node 1 size: 64460 MB
node 1 free: 84 MB
node 2 cpus:
node 2 size: 256000 MB
node 2 free: 103856 MB
node 3 cpus:
node 3 size: 256000 MB
node 3 free: 100350 MB
node distances:
node   0   1   2   3 
  0:  10  21  17  28 
  1:  21  10  28  17 
  2:  17  28  10  28 
  3:  28  17  28  10 
available: 4 nodes (0-3)
node 0 cpus: 0 1 2 3 4 5 6 7 8 9 10 11 12 13 14 15 16 17 18 19 20 21 22 23
node 0 size: 64092 MB
node 0 free: 330 MB
node 1 cpus: 24 25 26 27 28 29 30 31 32 33 34 35 36 37 38 39 40 41 42 43 44 45 46 47
node 1 size: 64460 MB
node 1 free: 84 MB
node 2 cpus:
node 2 size: 256000 MB
node 2 free: 103715 MB
node 3 cpus:
node 3 size: 256000 MB
node 3 free: 100206 MB
node distances:
node   0   1   2   3 
  0:  10  21  17  28 
  1:  21  10  28  17 
  2:  17  28  10  28 
  3:  28  17  28  10 
available: 4 nodes (0-3)
node 0 cpus: 0 1 2 3 4 5 6 7 8 9 10 11 12 13 14 15 16 17 18 19 20 21 22 23
node 0 size: 64092 MB
node 0 free: 330 MB
node 1 cpus: 24 25 26 27 28 29 30 31 32 33 34 35 36 37 38 39 40 41 42 43 44 45 46 47
node 1 size: 64460 MB
node 1 free: 84 MB
node 2 cpus:
node 2 size: 256000 MB
node 2 free: 103578 MB
node 3 cpus:
node 3 size: 256000 MB
node 3 free: 100073 MB
node distances:
node   0   1   2   3 
  0:  10  21  17  28 
  1:  21  10  28  17 
  2:  17  28  10  28 
  3:  28  17  28  10 
available: 4 nodes (0-3)
node 0 cpus: 0 1 2 3 4 5 6 7 8 9 10 11 12 13 14 15 16 17 18 19 20 21 22 23
node 0 size: 64092 MB
node 0 free: 330 MB
node 1 cpus: 24 25 26 27 28 29 30 31 32 33 34 35 36 37 38 39 40 41 42 43 44 45 46 47
node 1 size: 64460 MB
node 1 free: 84 MB
node 2 cpus:
node 2 size: 256000 MB
node 2 free: 103442 MB
node 3 cpus:
node 3 size: 256000 MB
node 3 free: 99953 MB
node distances:
node   0   1   2   3 
  0:  10  21  17  28 
  1:  21  10  28  17 
  2:  17  28  10  28 
  3:  28  17  28  10 
available: 4 nodes (0-3)
node 0 cpus: 0 1 2 3 4 5 6 7 8 9 10 11 12 13 14 15 16 17 18 19 20 21 22 23
node 0 size: 64092 MB
node 0 free: 330 MB
node 1 cpus: 24 25 26 27 28 29 30 31 32 33 34 35 36 37 38 39 40 41 42 43 44 45 46 47
node 1 size: 64460 MB
node 1 free: 84 MB
node 2 cpus:
node 2 size: 256000 MB
node 2 free: 103309 MB
node 3 cpus:
node 3 size: 256000 MB
node 3 free: 99814 MB
node distances:
node   0   1   2   3 
  0:  10  21  17  28 
  1:  21  10  28  17 
  2:  17  28  10  28 
  3:  28  17  28  10 
available: 4 nodes (0-3)
node 0 cpus: 0 1 2 3 4 5 6 7 8 9 10 11 12 13 14 15 16 17 18 19 20 21 22 23
node 0 size: 64092 MB
node 0 free: 330 MB
node 1 cpus: 24 25 26 27 28 29 30 31 32 33 34 35 36 37 38 39 40 41 42 43 44 45 46 47
node 1 size: 64460 MB
node 1 free: 84 MB
node 2 cpus:
node 2 size: 256000 MB
node 2 free: 103167 MB
node 3 cpus:
node 3 size: 256000 MB
node 3 free: 99672 MB
node distances:
node   0   1   2   3 
  0:  10  21  17  28 
  1:  21  10  28  17 
  2:  17  28  10  28 
  3:  28  17  28  10 
available: 4 nodes (0-3)
node 0 cpus: 0 1 2 3 4 5 6 7 8 9 10 11 12 13 14 15 16 17 18 19 20 21 22 23
node 0 size: 64092 MB
node 0 free: 330 MB
node 1 cpus: 24 25 26 27 28 29 30 31 32 33 34 35 36 37 38 39 40 41 42 43 44 45 46 47
node 1 size: 64460 MB
node 1 free: 84 MB
node 2 cpus:
node 2 size: 256000 MB
node 2 free: 103028 MB
node 3 cpus:
node 3 size: 256000 MB
node 3 free: 99531 MB
node distances:
node   0   1   2   3 
  0:  10  21  17  28 
  1:  21  10  28  17 
  2:  17  28  10  28 
  3:  28  17  28  10 
available: 4 nodes (0-3)
node 0 cpus: 0 1 2 3 4 5 6 7 8 9 10 11 12 13 14 15 16 17 18 19 20 21 22 23
node 0 size: 64092 MB
node 0 free: 330 MB
node 1 cpus: 24 25 26 27 28 29 30 31 32 33 34 35 36 37 38 39 40 41 42 43 44 45 46 47
node 1 size: 64460 MB
node 1 free: 84 MB
node 2 cpus:
node 2 size: 256000 MB
node 2 free: 102889 MB
node 3 cpus:
node 3 size: 256000 MB
node 3 free: 99388 MB
node distances:
node   0   1   2   3 
  0:  10  21  17  28 
  1:  21  10  28  17 
  2:  17  28  10  28 
  3:  28  17  28  10 
available: 4 nodes (0-3)
node 0 cpus: 0 1 2 3 4 5 6 7 8 9 10 11 12 13 14 15 16 17 18 19 20 21 22 23
node 0 size: 64092 MB
node 0 free: 330 MB
node 1 cpus: 24 25 26 27 28 29 30 31 32 33 34 35 36 37 38 39 40 41 42 43 44 45 46 47
node 1 size: 64460 MB
node 1 free: 84 MB
node 2 cpus:
node 2 size: 256000 MB
node 2 free: 102751 MB
node 3 cpus:
node 3 size: 256000 MB
node 3 free: 99247 MB
node distances:
node   0   1   2   3 
  0:  10  21  17  28 
  1:  21  10  28  17 
  2:  17  28  10  28 
  3:  28  17  28  10 
available: 4 nodes (0-3)
node 0 cpus: 0 1 2 3 4 5 6 7 8 9 10 11 12 13 14 15 16 17 18 19 20 21 22 23
node 0 size: 64092 MB
node 0 free: 330 MB
node 1 cpus: 24 25 26 27 28 29 30 31 32 33 34 35 36 37 38 39 40 41 42 43 44 45 46 47
node 1 size: 64460 MB
node 1 free: 84 MB
node 2 cpus:
node 2 size: 256000 MB
node 2 free: 102610 MB
node 3 cpus:
node 3 size: 256000 MB
node 3 free: 99101 MB
node distances:
node   0   1   2   3 
  0:  10  21  17  28 
  1:  21  10  28  17 
  2:  17  28  10  28 
  3:  28  17  28  10 
available: 4 nodes (0-3)
node 0 cpus: 0 1 2 3 4 5 6 7 8 9 10 11 12 13 14 15 16 17 18 19 20 21 22 23
node 0 size: 64092 MB
node 0 free: 330 MB
node 1 cpus: 24 25 26 27 28 29 30 31 32 33 34 35 36 37 38 39 40 41 42 43 44 45 46 47
node 1 size: 64460 MB
node 1 free: 84 MB
node 2 cpus:
node 2 size: 256000 MB
node 2 free: 102480 MB
node 3 cpus:
node 3 size: 256000 MB
node 3 free: 98963 MB
node distances:
node   0   1   2   3 
  0:  10  21  17  28 
  1:  21  10  28  17 
  2:  17  28  10  28 
  3:  28  17  28  10 
available: 4 nodes (0-3)
node 0 cpus: 0 1 2 3 4 5 6 7 8 9 10 11 12 13 14 15 16 17 18 19 20 21 22 23
node 0 size: 64092 MB
node 0 free: 330 MB
node 1 cpus: 24 25 26 27 28 29 30 31 32 33 34 35 36 37 38 39 40 41 42 43 44 45 46 47
node 1 size: 64460 MB
node 1 free: 84 MB
node 2 cpus:
node 2 size: 256000 MB
node 2 free: 102339 MB
node 3 cpus:
node 3 size: 256000 MB
node 3 free: 98820 MB
node distances:
node   0   1   2   3 
  0:  10  21  17  28 
  1:  21  10  28  17 
  2:  17  28  10  28 
  3:  28  17  28  10 
available: 4 nodes (0-3)
node 0 cpus: 0 1 2 3 4 5 6 7 8 9 10 11 12 13 14 15 16 17 18 19 20 21 22 23
node 0 size: 64092 MB
node 0 free: 330 MB
node 1 cpus: 24 25 26 27 28 29 30 31 32 33 34 35 36 37 38 39 40 41 42 43 44 45 46 47
node 1 size: 64460 MB
node 1 free: 84 MB
node 2 cpus:
node 2 size: 256000 MB
node 2 free: 102199 MB
node 3 cpus:
node 3 size: 256000 MB
node 3 free: 98678 MB
node distances:
node   0   1   2   3 
  0:  10  21  17  28 
  1:  21  10  28  17 
  2:  17  28  10  28 
  3:  28  17  28  10 
available: 4 nodes (0-3)
node 0 cpus: 0 1 2 3 4 5 6 7 8 9 10 11 12 13 14 15 16 17 18 19 20 21 22 23
node 0 size: 64092 MB
node 0 free: 330 MB
node 1 cpus: 24 25 26 27 28 29 30 31 32 33 34 35 36 37 38 39 40 41 42 43 44 45 46 47
node 1 size: 64460 MB
node 1 free: 84 MB
node 2 cpus:
node 2 size: 256000 MB
node 2 free: 102059 MB
node 3 cpus:
node 3 size: 256000 MB
node 3 free: 98535 MB
node distances:
node   0   1   2   3 
  0:  10  21  17  28 
  1:  21  10  28  17 
  2:  17  28  10  28 
  3:  28  17  28  10 
available: 4 nodes (0-3)
node 0 cpus: 0 1 2 3 4 5 6 7 8 9 10 11 12 13 14 15 16 17 18 19 20 21 22 23
node 0 size: 64092 MB
node 0 free: 330 MB
node 1 cpus: 24 25 26 27 28 29 30 31 32 33 34 35 36 37 38 39 40 41 42 43 44 45 46 47
node 1 size: 64460 MB
node 1 free: 84 MB
node 2 cpus:
node 2 size: 256000 MB
node 2 free: 101925 MB
node 3 cpus:
node 3 size: 256000 MB
node 3 free: 98394 MB
node distances:
node   0   1   2   3 
  0:  10  21  17  28 
  1:  21  10  28  17 
  2:  17  28  10  28 
  3:  28  17  28  10 
available: 4 nodes (0-3)
node 0 cpus: 0 1 2 3 4 5 6 7 8 9 10 11 12 13 14 15 16 17 18 19 20 21 22 23
node 0 size: 64092 MB
node 0 free: 330 MB
node 1 cpus: 24 25 26 27 28 29 30 31 32 33 34 35 36 37 38 39 40 41 42 43 44 45 46 47
node 1 size: 64460 MB
node 1 free: 84 MB
node 2 cpus:
node 2 size: 256000 MB
node 2 free: 101788 MB
node 3 cpus:
node 3 size: 256000 MB
node 3 free: 98253 MB
node distances:
node   0   1   2   3 
  0:  10  21  17  28 
  1:  21  10  28  17 
  2:  17  28  10  28 
  3:  28  17  28  10 
available: 4 nodes (0-3)
node 0 cpus: 0 1 2 3 4 5 6 7 8 9 10 11 12 13 14 15 16 17 18 19 20 21 22 23
node 0 size: 64092 MB
node 0 free: 330 MB
node 1 cpus: 24 25 26 27 28 29 30 31 32 33 34 35 36 37 38 39 40 41 42 43 44 45 46 47
node 1 size: 64460 MB
node 1 free: 84 MB
node 2 cpus:
node 2 size: 256000 MB
node 2 free: 101658 MB
node 3 cpus:
node 3 size: 256000 MB
node 3 free: 98121 MB
node distances:
node   0   1   2   3 
  0:  10  21  17  28 
  1:  21  10  28  17 
  2:  17  28  10  28 
  3:  28  17  28  10 
available: 4 nodes (0-3)
node 0 cpus: 0 1 2 3 4 5 6 7 8 9 10 11 12 13 14 15 16 17 18 19 20 21 22 23
node 0 size: 64092 MB
node 0 free: 330 MB
node 1 cpus: 24 25 26 27 28 29 30 31 32 33 34 35 36 37 38 39 40 41 42 43 44 45 46 47
node 1 size: 64460 MB
node 1 free: 84 MB
node 2 cpus:
node 2 size: 256000 MB
node 2 free: 101515 MB
node 3 cpus:
node 3 size: 256000 MB
node 3 free: 97973 MB
node distances:
node   0   1   2   3 
  0:  10  21  17  28 
  1:  21  10  28  17 
  2:  17  28  10  28 
  3:  28  17  28  10 
available: 4 nodes (0-3)
node 0 cpus: 0 1 2 3 4 5 6 7 8 9 10 11 12 13 14 15 16 17 18 19 20 21 22 23
node 0 size: 64092 MB
node 0 free: 330 MB
node 1 cpus: 24 25 26 27 28 29 30 31 32 33 34 35 36 37 38 39 40 41 42 43 44 45 46 47
node 1 size: 64460 MB
node 1 free: 84 MB
node 2 cpus:
node 2 size: 256000 MB
node 2 free: 101376 MB
node 3 cpus:
node 3 size: 256000 MB
node 3 free: 97831 MB
node distances:
node   0   1   2   3 
  0:  10  21  17  28 
  1:  21  10  28  17 
  2:  17  28  10  28 
  3:  28  17  28  10 
available: 4 nodes (0-3)
node 0 cpus: 0 1 2 3 4 5 6 7 8 9 10 11 12 13 14 15 16 17 18 19 20 21 22 23
node 0 size: 64092 MB
node 0 free: 330 MB
node 1 cpus: 24 25 26 27 28 29 30 31 32 33 34 35 36 37 38 39 40 41 42 43 44 45 46 47
node 1 size: 64460 MB
node 1 free: 84 MB
node 2 cpus:
node 2 size: 256000 MB
node 2 free: 101236 MB
node 3 cpus:
node 3 size: 256000 MB
node 3 free: 97690 MB
node distances:
node   0   1   2   3 
  0:  10  21  17  28 
  1:  21  10  28  17 
  2:  17  28  10  28 
  3:  28  17  28  10 
available: 4 nodes (0-3)
node 0 cpus: 0 1 2 3 4 5 6 7 8 9 10 11 12 13 14 15 16 17 18 19 20 21 22 23
node 0 size: 64092 MB
node 0 free: 330 MB
node 1 cpus: 24 25 26 27 28 29 30 31 32 33 34 35 36 37 38 39 40 41 42 43 44 45 46 47
node 1 size: 64460 MB
node 1 free: 84 MB
node 2 cpus:
node 2 size: 256000 MB
node 2 free: 101099 MB
node 3 cpus:
node 3 size: 256000 MB
node 3 free: 97549 MB
node distances:
node   0   1   2   3 
  0:  10  21  17  28 
  1:  21  10  28  17 
  2:  17  28  10  28 
  3:  28  17  28  10 
available: 4 nodes (0-3)
node 0 cpus: 0 1 2 3 4 5 6 7 8 9 10 11 12 13 14 15 16 17 18 19 20 21 22 23
node 0 size: 64092 MB
node 0 free: 330 MB
node 1 cpus: 24 25 26 27 28 29 30 31 32 33 34 35 36 37 38 39 40 41 42 43 44 45 46 47
node 1 size: 64460 MB
node 1 free: 84 MB
node 2 cpus:
node 2 size: 256000 MB
node 2 free: 100966 MB
node 3 cpus:
node 3 size: 256000 MB
node 3 free: 97407 MB
node distances:
node   0   1   2   3 
  0:  10  21  17  28 
  1:  21  10  28  17 
  2:  17  28  10  28 
  3:  28  17  28  10 
available: 4 nodes (0-3)
node 0 cpus: 0 1 2 3 4 5 6 7 8 9 10 11 12 13 14 15 16 17 18 19 20 21 22 23
node 0 size: 64092 MB
node 0 free: 330 MB
node 1 cpus: 24 25 26 27 28 29 30 31 32 33 34 35 36 37 38 39 40 41 42 43 44 45 46 47
node 1 size: 64460 MB
node 1 free: 84 MB
node 2 cpus:
node 2 size: 256000 MB
node 2 free: 100836 MB
node 3 cpus:
node 3 size: 256000 MB
node 3 free: 97282 MB
node distances:
node   0   1   2   3 
  0:  10  21  17  28 
  1:  21  10  28  17 
  2:  17  28  10  28 
  3:  28  17  28  10 
available: 4 nodes (0-3)
node 0 cpus: 0 1 2 3 4 5 6 7 8 9 10 11 12 13 14 15 16 17 18 19 20 21 22 23
node 0 size: 64092 MB
node 0 free: 330 MB
node 1 cpus: 24 25 26 27 28 29 30 31 32 33 34 35 36 37 38 39 40 41 42 43 44 45 46 47
node 1 size: 64460 MB
node 1 free: 84 MB
node 2 cpus:
node 2 size: 256000 MB
node 2 free: 100695 MB
node 3 cpus:
node 3 size: 256000 MB
node 3 free: 97133 MB
node distances:
node   0   1   2   3 
  0:  10  21  17  28 
  1:  21  10  28  17 
  2:  17  28  10  28 
  3:  28  17  28  10 
available: 4 nodes (0-3)
node 0 cpus: 0 1 2 3 4 5 6 7 8 9 10 11 12 13 14 15 16 17 18 19 20 21 22 23
node 0 size: 64092 MB
node 0 free: 330 MB
node 1 cpus: 24 25 26 27 28 29 30 31 32 33 34 35 36 37 38 39 40 41 42 43 44 45 46 47
node 1 size: 64460 MB
node 1 free: 84 MB
node 2 cpus:
node 2 size: 256000 MB
node 2 free: 100557 MB
node 3 cpus:
node 3 size: 256000 MB
node 3 free: 96992 MB
node distances:
node   0   1   2   3 
  0:  10  21  17  28 
  1:  21  10  28  17 
  2:  17  28  10  28 
  3:  28  17  28  10 
available: 4 nodes (0-3)
node 0 cpus: 0 1 2 3 4 5 6 7 8 9 10 11 12 13 14 15 16 17 18 19 20 21 22 23
node 0 size: 64092 MB
node 0 free: 330 MB
node 1 cpus: 24 25 26 27 28 29 30 31 32 33 34 35 36 37 38 39 40 41 42 43 44 45 46 47
node 1 size: 64460 MB
node 1 free: 84 MB
node 2 cpus:
node 2 size: 256000 MB
node 2 free: 100417 MB
node 3 cpus:
node 3 size: 256000 MB
node 3 free: 96849 MB
node distances:
node   0   1   2   3 
  0:  10  21  17  28 
  1:  21  10  28  17 
  2:  17  28  10  28 
  3:  28  17  28  10 
available: 4 nodes (0-3)
node 0 cpus: 0 1 2 3 4 5 6 7 8 9 10 11 12 13 14 15 16 17 18 19 20 21 22 23
node 0 size: 64092 MB
node 0 free: 330 MB
node 1 cpus: 24 25 26 27 28 29 30 31 32 33 34 35 36 37 38 39 40 41 42 43 44 45 46 47
node 1 size: 64460 MB
node 1 free: 84 MB
node 2 cpus:
node 2 size: 256000 MB
node 2 free: 100281 MB
node 3 cpus:
node 3 size: 256000 MB
node 3 free: 96713 MB
node distances:
node   0   1   2   3 
  0:  10  21  17  28 
  1:  21  10  28  17 
  2:  17  28  10  28 
  3:  28  17  28  10 
available: 4 nodes (0-3)
node 0 cpus: 0 1 2 3 4 5 6 7 8 9 10 11 12 13 14 15 16 17 18 19 20 21 22 23
node 0 size: 64092 MB
node 0 free: 330 MB
node 1 cpus: 24 25 26 27 28 29 30 31 32 33 34 35 36 37 38 39 40 41 42 43 44 45 46 47
node 1 size: 64460 MB
node 1 free: 84 MB
node 2 cpus:
node 2 size: 256000 MB
node 2 free: 100140 MB
node 3 cpus:
node 3 size: 256000 MB
node 3 free: 96578 MB
node distances:
node   0   1   2   3 
  0:  10  21  17  28 
  1:  21  10  28  17 
  2:  17  28  10  28 
  3:  28  17  28  10 
available: 4 nodes (0-3)
node 0 cpus: 0 1 2 3 4 5 6 7 8 9 10 11 12 13 14 15 16 17 18 19 20 21 22 23
node 0 size: 64092 MB
node 0 free: 330 MB
node 1 cpus: 24 25 26 27 28 29 30 31 32 33 34 35 36 37 38 39 40 41 42 43 44 45 46 47
node 1 size: 64460 MB
node 1 free: 84 MB
node 2 cpus:
node 2 size: 256000 MB
node 2 free: 100012 MB
node 3 cpus:
node 3 size: 256000 MB
node 3 free: 96450 MB
node distances:
node   0   1   2   3 
  0:  10  21  17  28 
  1:  21  10  28  17 
  2:  17  28  10  28 
  3:  28  17  28  10 
available: 4 nodes (0-3)
node 0 cpus: 0 1 2 3 4 5 6 7 8 9 10 11 12 13 14 15 16 17 18 19 20 21 22 23
node 0 size: 64092 MB
node 0 free: 330 MB
node 1 cpus: 24 25 26 27 28 29 30 31 32 33 34 35 36 37 38 39 40 41 42 43 44 45 46 47
node 1 size: 64460 MB
node 1 free: 84 MB
node 2 cpus:
node 2 size: 256000 MB
node 2 free: 99870 MB
node 3 cpus:
node 3 size: 256000 MB
node 3 free: 96303 MB
node distances:
node   0   1   2   3 
  0:  10  21  17  28 
  1:  21  10  28  17 
  2:  17  28  10  28 
  3:  28  17  28  10 
available: 4 nodes (0-3)
node 0 cpus: 0 1 2 3 4 5 6 7 8 9 10 11 12 13 14 15 16 17 18 19 20 21 22 23
node 0 size: 64092 MB
node 0 free: 330 MB
node 1 cpus: 24 25 26 27 28 29 30 31 32 33 34 35 36 37 38 39 40 41 42 43 44 45 46 47
node 1 size: 64460 MB
node 1 free: 84 MB
node 2 cpus:
node 2 size: 256000 MB
node 2 free: 99729 MB
node 3 cpus:
node 3 size: 256000 MB
node 3 free: 96161 MB
node distances:
node   0   1   2   3 
  0:  10  21  17  28 
  1:  21  10  28  17 
  2:  17  28  10  28 
  3:  28  17  28  10 
available: 4 nodes (0-3)
node 0 cpus: 0 1 2 3 4 5 6 7 8 9 10 11 12 13 14 15 16 17 18 19 20 21 22 23
node 0 size: 64092 MB
node 0 free: 330 MB
node 1 cpus: 24 25 26 27 28 29 30 31 32 33 34 35 36 37 38 39 40 41 42 43 44 45 46 47
node 1 size: 64460 MB
node 1 free: 84 MB
node 2 cpus:
node 2 size: 256000 MB
node 2 free: 99590 MB
node 3 cpus:
node 3 size: 256000 MB
node 3 free: 96019 MB
node distances:
node   0   1   2   3 
  0:  10  21  17  28 
  1:  21  10  28  17 
  2:  17  28  10  28 
  3:  28  17  28  10 
available: 4 nodes (0-3)
node 0 cpus: 0 1 2 3 4 5 6 7 8 9 10 11 12 13 14 15 16 17 18 19 20 21 22 23
node 0 size: 64092 MB
node 0 free: 330 MB
node 1 cpus: 24 25 26 27 28 29 30 31 32 33 34 35 36 37 38 39 40 41 42 43 44 45 46 47
node 1 size: 64460 MB
node 1 free: 84 MB
node 2 cpus:
node 2 size: 256000 MB
node 2 free: 99450 MB
node 3 cpus:
node 3 size: 256000 MB
node 3 free: 95877 MB
node distances:
node   0   1   2   3 
  0:  10  21  17  28 
  1:  21  10  28  17 
  2:  17  28  10  28 
  3:  28  17  28  10 
available: 4 nodes (0-3)
node 0 cpus: 0 1 2 3 4 5 6 7 8 9 10 11 12 13 14 15 16 17 18 19 20 21 22 23
node 0 size: 64092 MB
node 0 free: 330 MB
node 1 cpus: 24 25 26 27 28 29 30 31 32 33 34 35 36 37 38 39 40 41 42 43 44 45 46 47
node 1 size: 64460 MB
node 1 free: 84 MB
node 2 cpus:
node 2 size: 256000 MB
node 2 free: 99312 MB
node 3 cpus:
node 3 size: 256000 MB
node 3 free: 95737 MB
node distances:
node   0   1   2   3 
  0:  10  21  17  28 
  1:  21  10  28  17 
  2:  17  28  10  28 
  3:  28  17  28  10 
available: 4 nodes (0-3)
node 0 cpus: 0 1 2 3 4 5 6 7 8 9 10 11 12 13 14 15 16 17 18 19 20 21 22 23
node 0 size: 64092 MB
node 0 free: 330 MB
node 1 cpus: 24 25 26 27 28 29 30 31 32 33 34 35 36 37 38 39 40 41 42 43 44 45 46 47
node 1 size: 64460 MB
node 1 free: 84 MB
node 2 cpus:
node 2 size: 256000 MB
node 2 free: 99181 MB
node 3 cpus:
node 3 size: 256000 MB
node 3 free: 95599 MB
node distances:
node   0   1   2   3 
  0:  10  21  17  28 
  1:  21  10  28  17 
  2:  17  28  10  28 
  3:  28  17  28  10 
available: 4 nodes (0-3)
node 0 cpus: 0 1 2 3 4 5 6 7 8 9 10 11 12 13 14 15 16 17 18 19 20 21 22 23
node 0 size: 64092 MB
node 0 free: 330 MB
node 1 cpus: 24 25 26 27 28 29 30 31 32 33 34 35 36 37 38 39 40 41 42 43 44 45 46 47
node 1 size: 64460 MB
node 1 free: 84 MB
node 2 cpus:
node 2 size: 256000 MB
node 2 free: 99044 MB
node 3 cpus:
node 3 size: 256000 MB
node 3 free: 95453 MB
node distances:
node   0   1   2   3 
  0:  10  21  17  28 
  1:  21  10  28  17 
  2:  17  28  10  28 
  3:  28  17  28  10 
available: 4 nodes (0-3)
node 0 cpus: 0 1 2 3 4 5 6 7 8 9 10 11 12 13 14 15 16 17 18 19 20 21 22 23
node 0 size: 64092 MB
node 0 free: 330 MB
node 1 cpus: 24 25 26 27 28 29 30 31 32 33 34 35 36 37 38 39 40 41 42 43 44 45 46 47
node 1 size: 64460 MB
node 1 free: 84 MB
node 2 cpus:
node 2 size: 256000 MB
node 2 free: 98903 MB
node 3 cpus:
node 3 size: 256000 MB
node 3 free: 95311 MB
node distances:
node   0   1   2   3 
  0:  10  21  17  28 
  1:  21  10  28  17 
  2:  17  28  10  28 
  3:  28  17  28  10 
available: 4 nodes (0-3)
node 0 cpus: 0 1 2 3 4 5 6 7 8 9 10 11 12 13 14 15 16 17 18 19 20 21 22 23
node 0 size: 64092 MB
node 0 free: 330 MB
node 1 cpus: 24 25 26 27 28 29 30 31 32 33 34 35 36 37 38 39 40 41 42 43 44 45 46 47
node 1 size: 64460 MB
node 1 free: 84 MB
node 2 cpus:
node 2 size: 256000 MB
node 2 free: 98766 MB
node 3 cpus:
node 3 size: 256000 MB
node 3 free: 95168 MB
node distances:
node   0   1   2   3 
  0:  10  21  17  28 
  1:  21  10  28  17 
  2:  17  28  10  28 
  3:  28  17  28  10 
available: 4 nodes (0-3)
node 0 cpus: 0 1 2 3 4 5 6 7 8 9 10 11 12 13 14 15 16 17 18 19 20 21 22 23
node 0 size: 64092 MB
node 0 free: 330 MB
node 1 cpus: 24 25 26 27 28 29 30 31 32 33 34 35 36 37 38 39 40 41 42 43 44 45 46 47
node 1 size: 64460 MB
node 1 free: 84 MB
node 2 cpus:
node 2 size: 256000 MB
node 2 free: 98626 MB
node 3 cpus:
node 3 size: 256000 MB
node 3 free: 95028 MB
node distances:
node   0   1   2   3 
  0:  10  21  17  28 
  1:  21  10  28  17 
  2:  17  28  10  28 
  3:  28  17  28  10 
available: 4 nodes (0-3)
node 0 cpus: 0 1 2 3 4 5 6 7 8 9 10 11 12 13 14 15 16 17 18 19 20 21 22 23
node 0 size: 64092 MB
node 0 free: 330 MB
node 1 cpus: 24 25 26 27 28 29 30 31 32 33 34 35 36 37 38 39 40 41 42 43 44 45 46 47
node 1 size: 64460 MB
node 1 free: 84 MB
node 2 cpus:
node 2 size: 256000 MB
node 2 free: 98488 MB
node 3 cpus:
node 3 size: 256000 MB
node 3 free: 94886 MB
node distances:
node   0   1   2   3 
  0:  10  21  17  28 
  1:  21  10  28  17 
  2:  17  28  10  28 
  3:  28  17  28  10 
available: 4 nodes (0-3)
node 0 cpus: 0 1 2 3 4 5 6 7 8 9 10 11 12 13 14 15 16 17 18 19 20 21 22 23
node 0 size: 64092 MB
node 0 free: 330 MB
node 1 cpus: 24 25 26 27 28 29 30 31 32 33 34 35 36 37 38 39 40 41 42 43 44 45 46 47
node 1 size: 64460 MB
node 1 free: 84 MB
node 2 cpus:
node 2 size: 256000 MB
node 2 free: 98357 MB
node 3 cpus:
node 3 size: 256000 MB
node 3 free: 94762 MB
node distances:
node   0   1   2   3 
  0:  10  21  17  28 
  1:  21  10  28  17 
  2:  17  28  10  28 
  3:  28  17  28  10 
available: 4 nodes (0-3)
node 0 cpus: 0 1 2 3 4 5 6 7 8 9 10 11 12 13 14 15 16 17 18 19 20 21 22 23
node 0 size: 64092 MB
node 0 free: 330 MB
node 1 cpus: 24 25 26 27 28 29 30 31 32 33 34 35 36 37 38 39 40 41 42 43 44 45 46 47
node 1 size: 64460 MB
node 1 free: 84 MB
node 2 cpus:
node 2 size: 256000 MB
node 2 free: 98216 MB
node 3 cpus:
node 3 size: 256000 MB
node 3 free: 94617 MB
node distances:
node   0   1   2   3 
  0:  10  21  17  28 
  1:  21  10  28  17 
  2:  17  28  10  28 
  3:  28  17  28  10 
available: 4 nodes (0-3)
node 0 cpus: 0 1 2 3 4 5 6 7 8 9 10 11 12 13 14 15 16 17 18 19 20 21 22 23
node 0 size: 64092 MB
node 0 free: 330 MB
node 1 cpus: 24 25 26 27 28 29 30 31 32 33 34 35 36 37 38 39 40 41 42 43 44 45 46 47
node 1 size: 64460 MB
node 1 free: 84 MB
node 2 cpus:
node 2 size: 256000 MB
node 2 free: 98075 MB
node 3 cpus:
node 3 size: 256000 MB
node 3 free: 94477 MB
node distances:
node   0   1   2   3 
  0:  10  21  17  28 
  1:  21  10  28  17 
  2:  17  28  10  28 
  3:  28  17  28  10 
available: 4 nodes (0-3)
node 0 cpus: 0 1 2 3 4 5 6 7 8 9 10 11 12 13 14 15 16 17 18 19 20 21 22 23
node 0 size: 64092 MB
node 0 free: 330 MB
node 1 cpus: 24 25 26 27 28 29 30 31 32 33 34 35 36 37 38 39 40 41 42 43 44 45 46 47
node 1 size: 64460 MB
node 1 free: 84 MB
node 2 cpus:
node 2 size: 256000 MB
node 2 free: 97936 MB
node 3 cpus:
node 3 size: 256000 MB
node 3 free: 94341 MB
node distances:
node   0   1   2   3 
  0:  10  21  17  28 
  1:  21  10  28  17 
  2:  17  28  10  28 
  3:  28  17  28  10 
available: 4 nodes (0-3)
node 0 cpus: 0 1 2 3 4 5 6 7 8 9 10 11 12 13 14 15 16 17 18 19 20 21 22 23
node 0 size: 64092 MB
node 0 free: 330 MB
node 1 cpus: 24 25 26 27 28 29 30 31 32 33 34 35 36 37 38 39 40 41 42 43 44 45 46 47
node 1 size: 64460 MB
node 1 free: 84 MB
node 2 cpus:
node 2 size: 256000 MB
node 2 free: 97797 MB
node 3 cpus:
node 3 size: 256000 MB
node 3 free: 94200 MB
node distances:
node   0   1   2   3 
  0:  10  21  17  28 
  1:  21  10  28  17 
  2:  17  28  10  28 
  3:  28  17  28  10 
available: 4 nodes (0-3)
node 0 cpus: 0 1 2 3 4 5 6 7 8 9 10 11 12 13 14 15 16 17 18 19 20 21 22 23
node 0 size: 64092 MB
node 0 free: 330 MB
node 1 cpus: 24 25 26 27 28 29 30 31 32 33 34 35 36 37 38 39 40 41 42 43 44 45 46 47
node 1 size: 64460 MB
node 1 free: 84 MB
node 2 cpus:
node 2 size: 256000 MB
node 2 free: 97659 MB
node 3 cpus:
node 3 size: 256000 MB
node 3 free: 94059 MB
node distances:
node   0   1   2   3 
  0:  10  21  17  28 
  1:  21  10  28  17 
  2:  17  28  10  28 
  3:  28  17  28  10 
available: 4 nodes (0-3)
node 0 cpus: 0 1 2 3 4 5 6 7 8 9 10 11 12 13 14 15 16 17 18 19 20 21 22 23
node 0 size: 64092 MB
node 0 free: 330 MB
node 1 cpus: 24 25 26 27 28 29 30 31 32 33 34 35 36 37 38 39 40 41 42 43 44 45 46 47
node 1 size: 64460 MB
node 1 free: 84 MB
node 2 cpus:
node 2 size: 256000 MB
node 2 free: 97533 MB
node 3 cpus:
node 3 size: 256000 MB
node 3 free: 93923 MB
node distances:
node   0   1   2   3 
  0:  10  21  17  28 
  1:  21  10  28  17 
  2:  17  28  10  28 
  3:  28  17  28  10 
available: 4 nodes (0-3)
node 0 cpus: 0 1 2 3 4 5 6 7 8 9 10 11 12 13 14 15 16 17 18 19 20 21 22 23
node 0 size: 64092 MB
node 0 free: 330 MB
node 1 cpus: 24 25 26 27 28 29 30 31 32 33 34 35 36 37 38 39 40 41 42 43 44 45 46 47
node 1 size: 64460 MB
node 1 free: 84 MB
node 2 cpus:
node 2 size: 256000 MB
node 2 free: 97398 MB
node 3 cpus:
node 3 size: 256000 MB
node 3 free: 93793 MB
node distances:
node   0   1   2   3 
  0:  10  21  17  28 
  1:  21  10  28  17 
  2:  17  28  10  28 
  3:  28  17  28  10 
available: 4 nodes (0-3)
node 0 cpus: 0 1 2 3 4 5 6 7 8 9 10 11 12 13 14 15 16 17 18 19 20 21 22 23
node 0 size: 64092 MB
node 0 free: 330 MB
node 1 cpus: 24 25 26 27 28 29 30 31 32 33 34 35 36 37 38 39 40 41 42 43 44 45 46 47
node 1 size: 64460 MB
node 1 free: 84 MB
node 2 cpus:
node 2 size: 256000 MB
node 2 free: 97259 MB
node 3 cpus:
node 3 size: 256000 MB
node 3 free: 93649 MB
node distances:
node   0   1   2   3 
  0:  10  21  17  28 
  1:  21  10  28  17 
  2:  17  28  10  28 
  3:  28  17  28  10 
available: 4 nodes (0-3)
node 0 cpus: 0 1 2 3 4 5 6 7 8 9 10 11 12 13 14 15 16 17 18 19 20 21 22 23
node 0 size: 64092 MB
node 0 free: 330 MB
node 1 cpus: 24 25 26 27 28 29 30 31 32 33 34 35 36 37 38 39 40 41 42 43 44 45 46 47
node 1 size: 64460 MB
node 1 free: 84 MB
node 2 cpus:
node 2 size: 256000 MB
node 2 free: 97119 MB
node 3 cpus:
node 3 size: 256000 MB
node 3 free: 93503 MB
node distances:
node   0   1   2   3 
  0:  10  21  17  28 
  1:  21  10  28  17 
  2:  17  28  10  28 
  3:  28  17  28  10 
available: 4 nodes (0-3)
node 0 cpus: 0 1 2 3 4 5 6 7 8 9 10 11 12 13 14 15 16 17 18 19 20 21 22 23
node 0 size: 64092 MB
node 0 free: 330 MB
node 1 cpus: 24 25 26 27 28 29 30 31 32 33 34 35 36 37 38 39 40 41 42 43 44 45 46 47
node 1 size: 64460 MB
node 1 free: 84 MB
node 2 cpus:
node 2 size: 256000 MB
node 2 free: 96979 MB
node 3 cpus:
node 3 size: 256000 MB
node 3 free: 93369 MB
node distances:
node   0   1   2   3 
  0:  10  21  17  28 
  1:  21  10  28  17 
  2:  17  28  10  28 
  3:  28  17  28  10 
available: 4 nodes (0-3)
node 0 cpus: 0 1 2 3 4 5 6 7 8 9 10 11 12 13 14 15 16 17 18 19 20 21 22 23
node 0 size: 64092 MB
node 0 free: 330 MB
node 1 cpus: 24 25 26 27 28 29 30 31 32 33 34 35 36 37 38 39 40 41 42 43 44 45 46 47
node 1 size: 64460 MB
node 1 free: 84 MB
node 2 cpus:
node 2 size: 256000 MB
node 2 free: 96840 MB
node 3 cpus:
node 3 size: 256000 MB
node 3 free: 93226 MB
node distances:
node   0   1   2   3 
  0:  10  21  17  28 
  1:  21  10  28  17 
  2:  17  28  10  28 
  3:  28  17  28  10 
available: 4 nodes (0-3)
node 0 cpus: 0 1 2 3 4 5 6 7 8 9 10 11 12 13 14 15 16 17 18 19 20 21 22 23
node 0 size: 64092 MB
node 0 free: 330 MB
node 1 cpus: 24 25 26 27 28 29 30 31 32 33 34 35 36 37 38 39 40 41 42 43 44 45 46 47
node 1 size: 64460 MB
node 1 free: 84 MB
node 2 cpus:
node 2 size: 256000 MB
node 2 free: 96707 MB
node 3 cpus:
node 3 size: 256000 MB
node 3 free: 93092 MB
node distances:
node   0   1   2   3 
  0:  10  21  17  28 
  1:  21  10  28  17 
  2:  17  28  10  28 
  3:  28  17  28  10 
available: 4 nodes (0-3)
node 0 cpus: 0 1 2 3 4 5 6 7 8 9 10 11 12 13 14 15 16 17 18 19 20 21 22 23
node 0 size: 64092 MB
node 0 free: 330 MB
node 1 cpus: 24 25 26 27 28 29 30 31 32 33 34 35 36 37 38 39 40 41 42 43 44 45 46 47
node 1 size: 64460 MB
node 1 free: 84 MB
node 2 cpus:
node 2 size: 256000 MB
node 2 free: 96571 MB
node 3 cpus:
node 3 size: 256000 MB
node 3 free: 92955 MB
node distances:
node   0   1   2   3 
  0:  10  21  17  28 
  1:  21  10  28  17 
  2:  17  28  10  28 
  3:  28  17  28  10 
available: 4 nodes (0-3)
node 0 cpus: 0 1 2 3 4 5 6 7 8 9 10 11 12 13 14 15 16 17 18 19 20 21 22 23
node 0 size: 64092 MB
node 0 free: 330 MB
node 1 cpus: 24 25 26 27 28 29 30 31 32 33 34 35 36 37 38 39 40 41 42 43 44 45 46 47
node 1 size: 64460 MB
node 1 free: 84 MB
node 2 cpus:
node 2 size: 256000 MB
node 2 free: 96431 MB
node 3 cpus:
node 3 size: 256000 MB
node 3 free: 92811 MB
node distances:
node   0   1   2   3 
  0:  10  21  17  28 
  1:  21  10  28  17 
  2:  17  28  10  28 
  3:  28  17  28  10 
available: 4 nodes (0-3)
node 0 cpus: 0 1 2 3 4 5 6 7 8 9 10 11 12 13 14 15 16 17 18 19 20 21 22 23
node 0 size: 64092 MB
node 0 free: 330 MB
node 1 cpus: 24 25 26 27 28 29 30 31 32 33 34 35 36 37 38 39 40 41 42 43 44 45 46 47
node 1 size: 64460 MB
node 1 free: 84 MB
node 2 cpus:
node 2 size: 256000 MB
node 2 free: 96291 MB
node 3 cpus:
node 3 size: 256000 MB
node 3 free: 92668 MB
node distances:
node   0   1   2   3 
  0:  10  21  17  28 
  1:  21  10  28  17 
  2:  17  28  10  28 
  3:  28  17  28  10 
available: 4 nodes (0-3)
node 0 cpus: 0 1 2 3 4 5 6 7 8 9 10 11 12 13 14 15 16 17 18 19 20 21 22 23
node 0 size: 64092 MB
node 0 free: 330 MB
node 1 cpus: 24 25 26 27 28 29 30 31 32 33 34 35 36 37 38 39 40 41 42 43 44 45 46 47
node 1 size: 64460 MB
node 1 free: 84 MB
node 2 cpus:
node 2 size: 256000 MB
node 2 free: 96154 MB
node 3 cpus:
node 3 size: 256000 MB
node 3 free: 92529 MB
node distances:
node   0   1   2   3 
  0:  10  21  17  28 
  1:  21  10  28  17 
  2:  17  28  10  28 
  3:  28  17  28  10 
available: 4 nodes (0-3)
node 0 cpus: 0 1 2 3 4 5 6 7 8 9 10 11 12 13 14 15 16 17 18 19 20 21 22 23
node 0 size: 64092 MB
node 0 free: 330 MB
node 1 cpus: 24 25 26 27 28 29 30 31 32 33 34 35 36 37 38 39 40 41 42 43 44 45 46 47
node 1 size: 64460 MB
node 1 free: 84 MB
node 2 cpus:
node 2 size: 256000 MB
node 2 free: 96023 MB
node 3 cpus:
node 3 size: 256000 MB
node 3 free: 92386 MB
node distances:
node   0   1   2   3 
  0:  10  21  17  28 
  1:  21  10  28  17 
  2:  17  28  10  28 
  3:  28  17  28  10 
available: 4 nodes (0-3)
node 0 cpus: 0 1 2 3 4 5 6 7 8 9 10 11 12 13 14 15 16 17 18 19 20 21 22 23
node 0 size: 64092 MB
node 0 free: 330 MB
node 1 cpus: 24 25 26 27 28 29 30 31 32 33 34 35 36 37 38 39 40 41 42 43 44 45 46 47
node 1 size: 64460 MB
node 1 free: 84 MB
node 2 cpus:
node 2 size: 256000 MB
node 2 free: 95889 MB
node 3 cpus:
node 3 size: 256000 MB
node 3 free: 92244 MB
node distances:
node   0   1   2   3 
  0:  10  21  17  28 
  1:  21  10  28  17 
  2:  17  28  10  28 
  3:  28  17  28  10 
available: 4 nodes (0-3)
node 0 cpus: 0 1 2 3 4 5 6 7 8 9 10 11 12 13 14 15 16 17 18 19 20 21 22 23
node 0 size: 64092 MB
node 0 free: 330 MB
node 1 cpus: 24 25 26 27 28 29 30 31 32 33 34 35 36 37 38 39 40 41 42 43 44 45 46 47
node 1 size: 64460 MB
node 1 free: 84 MB
node 2 cpus:
node 2 size: 256000 MB
node 2 free: 95757 MB
node 3 cpus:
node 3 size: 256000 MB
node 3 free: 92104 MB
node distances:
node   0   1   2   3 
  0:  10  21  17  28 
  1:  21  10  28  17 
  2:  17  28  10  28 
  3:  28  17  28  10 
available: 4 nodes (0-3)
node 0 cpus: 0 1 2 3 4 5 6 7 8 9 10 11 12 13 14 15 16 17 18 19 20 21 22 23
node 0 size: 64092 MB
node 0 free: 330 MB
node 1 cpus: 24 25 26 27 28 29 30 31 32 33 34 35 36 37 38 39 40 41 42 43 44 45 46 47
node 1 size: 64460 MB
node 1 free: 84 MB
node 2 cpus:
node 2 size: 256000 MB
node 2 free: 95619 MB
node 3 cpus:
node 3 size: 256000 MB
node 3 free: 91959 MB
node distances:
node   0   1   2   3 
  0:  10  21  17  28 
  1:  21  10  28  17 
  2:  17  28  10  28 
  3:  28  17  28  10 
available: 4 nodes (0-3)
node 0 cpus: 0 1 2 3 4 5 6 7 8 9 10 11 12 13 14 15 16 17 18 19 20 21 22 23
node 0 size: 64092 MB
node 0 free: 330 MB
node 1 cpus: 24 25 26 27 28 29 30 31 32 33 34 35 36 37 38 39 40 41 42 43 44 45 46 47
node 1 size: 64460 MB
node 1 free: 84 MB
node 2 cpus:
node 2 size: 256000 MB
node 2 free: 95478 MB
node 3 cpus:
node 3 size: 256000 MB
node 3 free: 91814 MB
node distances:
node   0   1   2   3 
  0:  10  21  17  28 
  1:  21  10  28  17 
  2:  17  28  10  28 
  3:  28  17  28  10 
available: 4 nodes (0-3)
node 0 cpus: 0 1 2 3 4 5 6 7 8 9 10 11 12 13 14 15 16 17 18 19 20 21 22 23
node 0 size: 64092 MB
node 0 free: 330 MB
node 1 cpus: 24 25 26 27 28 29 30 31 32 33 34 35 36 37 38 39 40 41 42 43 44 45 46 47
node 1 size: 64460 MB
node 1 free: 84 MB
node 2 cpus:
node 2 size: 256000 MB
node 2 free: 95340 MB
node 3 cpus:
node 3 size: 256000 MB
node 3 free: 91678 MB
node distances:
node   0   1   2   3 
  0:  10  21  17  28 
  1:  21  10  28  17 
  2:  17  28  10  28 
  3:  28  17  28  10 
available: 4 nodes (0-3)
node 0 cpus: 0 1 2 3 4 5 6 7 8 9 10 11 12 13 14 15 16 17 18 19 20 21 22 23
node 0 size: 64092 MB
node 0 free: 330 MB
node 1 cpus: 24 25 26 27 28 29 30 31 32 33 34 35 36 37 38 39 40 41 42 43 44 45 46 47
node 1 size: 64460 MB
node 1 free: 84 MB
node 2 cpus:
node 2 size: 256000 MB
node 2 free: 95202 MB
node 3 cpus:
node 3 size: 256000 MB
node 3 free: 91536 MB
node distances:
node   0   1   2   3 
  0:  10  21  17  28 
  1:  21  10  28  17 
  2:  17  28  10  28 
  3:  28  17  28  10 
available: 4 nodes (0-3)
node 0 cpus: 0 1 2 3 4 5 6 7 8 9 10 11 12 13 14 15 16 17 18 19 20 21 22 23
node 0 size: 64092 MB
node 0 free: 330 MB
node 1 cpus: 24 25 26 27 28 29 30 31 32 33 34 35 36 37 38 39 40 41 42 43 44 45 46 47
node 1 size: 64460 MB
node 1 free: 84 MB
node 2 cpus:
node 2 size: 256000 MB
node 2 free: 95067 MB
node 3 cpus:
node 3 size: 256000 MB
node 3 free: 91395 MB
node distances:
node   0   1   2   3 
  0:  10  21  17  28 
  1:  21  10  28  17 
  2:  17  28  10  28 
  3:  28  17  28  10 
available: 4 nodes (0-3)
node 0 cpus: 0 1 2 3 4 5 6 7 8 9 10 11 12 13 14 15 16 17 18 19 20 21 22 23
node 0 size: 64092 MB
node 0 free: 330 MB
node 1 cpus: 24 25 26 27 28 29 30 31 32 33 34 35 36 37 38 39 40 41 42 43 44 45 46 47
node 1 size: 64460 MB
node 1 free: 84 MB
node 2 cpus:
node 2 size: 256000 MB
node 2 free: 94936 MB
node 3 cpus:
node 3 size: 256000 MB
node 3 free: 91261 MB
node distances:
node   0   1   2   3 
  0:  10  21  17  28 
  1:  21  10  28  17 
  2:  17  28  10  28 
  3:  28  17  28  10 
available: 4 nodes (0-3)
node 0 cpus: 0 1 2 3 4 5 6 7 8 9 10 11 12 13 14 15 16 17 18 19 20 21 22 23
node 0 size: 64092 MB
node 0 free: 330 MB
node 1 cpus: 24 25 26 27 28 29 30 31 32 33 34 35 36 37 38 39 40 41 42 43 44 45 46 47
node 1 size: 64460 MB
node 1 free: 84 MB
node 2 cpus:
node 2 size: 256000 MB
node 2 free: 94792 MB
node 3 cpus:
node 3 size: 256000 MB
node 3 free: 91113 MB
node distances:
node   0   1   2   3 
  0:  10  21  17  28 
  1:  21  10  28  17 
  2:  17  28  10  28 
  3:  28  17  28  10 
available: 4 nodes (0-3)
node 0 cpus: 0 1 2 3 4 5 6 7 8 9 10 11 12 13 14 15 16 17 18 19 20 21 22 23
node 0 size: 64092 MB
node 0 free: 330 MB
node 1 cpus: 24 25 26 27 28 29 30 31 32 33 34 35 36 37 38 39 40 41 42 43 44 45 46 47
node 1 size: 64460 MB
node 1 free: 84 MB
node 2 cpus:
node 2 size: 256000 MB
node 2 free: 94653 MB
node 3 cpus:
node 3 size: 256000 MB
node 3 free: 90973 MB
node distances:
node   0   1   2   3 
  0:  10  21  17  28 
  1:  21  10  28  17 
  2:  17  28  10  28 
  3:  28  17  28  10 
available: 4 nodes (0-3)
node 0 cpus: 0 1 2 3 4 5 6 7 8 9 10 11 12 13 14 15 16 17 18 19 20 21 22 23
node 0 size: 64092 MB
node 0 free: 330 MB
node 1 cpus: 24 25 26 27 28 29 30 31 32 33 34 35 36 37 38 39 40 41 42 43 44 45 46 47
node 1 size: 64460 MB
node 1 free: 84 MB
node 2 cpus:
node 2 size: 256000 MB
node 2 free: 94516 MB
node 3 cpus:
node 3 size: 256000 MB
node 3 free: 90839 MB
node distances:
node   0   1   2   3 
  0:  10  21  17  28 
  1:  21  10  28  17 
  2:  17  28  10  28 
  3:  28  17  28  10 
available: 4 nodes (0-3)
node 0 cpus: 0 1 2 3 4 5 6 7 8 9 10 11 12 13 14 15 16 17 18 19 20 21 22 23
node 0 size: 64092 MB
node 0 free: 330 MB
node 1 cpus: 24 25 26 27 28 29 30 31 32 33 34 35 36 37 38 39 40 41 42 43 44 45 46 47
node 1 size: 64460 MB
node 1 free: 84 MB
node 2 cpus:
node 2 size: 256000 MB
node 2 free: 94377 MB
node 3 cpus:
node 3 size: 256000 MB
node 3 free: 90698 MB
node distances:
node   0   1   2   3 
  0:  10  21  17  28 
  1:  21  10  28  17 
  2:  17  28  10  28 
  3:  28  17  28  10 
available: 4 nodes (0-3)
node 0 cpus: 0 1 2 3 4 5 6 7 8 9 10 11 12 13 14 15 16 17 18 19 20 21 22 23
node 0 size: 64092 MB
node 0 free: 330 MB
node 1 cpus: 24 25 26 27 28 29 30 31 32 33 34 35 36 37 38 39 40 41 42 43 44 45 46 47
node 1 size: 64460 MB
node 1 free: 84 MB
node 2 cpus:
node 2 size: 256000 MB
node 2 free: 94239 MB
node 3 cpus:
node 3 size: 256000 MB
node 3 free: 90555 MB
node distances:
node   0   1   2   3 
  0:  10  21  17  28 
  1:  21  10  28  17 
  2:  17  28  10  28 
  3:  28  17  28  10 
available: 4 nodes (0-3)
node 0 cpus: 0 1 2 3 4 5 6 7 8 9 10 11 12 13 14 15 16 17 18 19 20 21 22 23
node 0 size: 64092 MB
node 0 free: 330 MB
node 1 cpus: 24 25 26 27 28 29 30 31 32 33 34 35 36 37 38 39 40 41 42 43 44 45 46 47
node 1 size: 64460 MB
node 1 free: 84 MB
node 2 cpus:
node 2 size: 256000 MB
node 2 free: 94113 MB
node 3 cpus:
node 3 size: 256000 MB
node 3 free: 90425 MB
node distances:
node   0   1   2   3 
  0:  10  21  17  28 
  1:  21  10  28  17 
  2:  17  28  10  28 
  3:  28  17  28  10 
available: 4 nodes (0-3)
node 0 cpus: 0 1 2 3 4 5 6 7 8 9 10 11 12 13 14 15 16 17 18 19 20 21 22 23
node 0 size: 64092 MB
node 0 free: 330 MB
node 1 cpus: 24 25 26 27 28 29 30 31 32 33 34 35 36 37 38 39 40 41 42 43 44 45 46 47
node 1 size: 64460 MB
node 1 free: 84 MB
node 2 cpus:
node 2 size: 256000 MB
node 2 free: 93975 MB
node 3 cpus:
node 3 size: 256000 MB
node 3 free: 90289 MB
node distances:
node   0   1   2   3 
  0:  10  21  17  28 
  1:  21  10  28  17 
  2:  17  28  10  28 
  3:  28  17  28  10 
available: 4 nodes (0-3)
node 0 cpus: 0 1 2 3 4 5 6 7 8 9 10 11 12 13 14 15 16 17 18 19 20 21 22 23
node 0 size: 64092 MB
node 0 free: 330 MB
node 1 cpus: 24 25 26 27 28 29 30 31 32 33 34 35 36 37 38 39 40 41 42 43 44 45 46 47
node 1 size: 64460 MB
node 1 free: 84 MB
node 2 cpus:
node 2 size: 256000 MB
node 2 free: 93834 MB
node 3 cpus:
node 3 size: 256000 MB
node 3 free: 90147 MB
node distances:
node   0   1   2   3 
  0:  10  21  17  28 
  1:  21  10  28  17 
  2:  17  28  10  28 
  3:  28  17  28  10 
available: 4 nodes (0-3)
node 0 cpus: 0 1 2 3 4 5 6 7 8 9 10 11 12 13 14 15 16 17 18 19 20 21 22 23
node 0 size: 64092 MB
node 0 free: 330 MB
node 1 cpus: 24 25 26 27 28 29 30 31 32 33 34 35 36 37 38 39 40 41 42 43 44 45 46 47
node 1 size: 64460 MB
node 1 free: 84 MB
node 2 cpus:
node 2 size: 256000 MB
node 2 free: 93696 MB
node 3 cpus:
node 3 size: 256000 MB
node 3 free: 90004 MB
node distances:
node   0   1   2   3 
  0:  10  21  17  28 
  1:  21  10  28  17 
  2:  17  28  10  28 
  3:  28  17  28  10 
available: 4 nodes (0-3)
node 0 cpus: 0 1 2 3 4 5 6 7 8 9 10 11 12 13 14 15 16 17 18 19 20 21 22 23
node 0 size: 64092 MB
node 0 free: 330 MB
node 1 cpus: 24 25 26 27 28 29 30 31 32 33 34 35 36 37 38 39 40 41 42 43 44 45 46 47
node 1 size: 64460 MB
node 1 free: 84 MB
node 2 cpus:
node 2 size: 256000 MB
node 2 free: 93558 MB
node 3 cpus:
node 3 size: 256000 MB
node 3 free: 89862 MB
node distances:
node   0   1   2   3 
  0:  10  21  17  28 
  1:  21  10  28  17 
  2:  17  28  10  28 
  3:  28  17  28  10 
available: 4 nodes (0-3)
node 0 cpus: 0 1 2 3 4 5 6 7 8 9 10 11 12 13 14 15 16 17 18 19 20 21 22 23
node 0 size: 64092 MB
node 0 free: 330 MB
node 1 cpus: 24 25 26 27 28 29 30 31 32 33 34 35 36 37 38 39 40 41 42 43 44 45 46 47
node 1 size: 64460 MB
node 1 free: 84 MB
node 2 cpus:
node 2 size: 256000 MB
node 2 free: 93421 MB
node 3 cpus:
node 3 size: 256000 MB
node 3 free: 89727 MB
node distances:
node   0   1   2   3 
  0:  10  21  17  28 
  1:  21  10  28  17 
  2:  17  28  10  28 
  3:  28  17  28  10 
available: 4 nodes (0-3)
node 0 cpus: 0 1 2 3 4 5 6 7 8 9 10 11 12 13 14 15 16 17 18 19 20 21 22 23
node 0 size: 64092 MB
node 0 free: 330 MB
node 1 cpus: 24 25 26 27 28 29 30 31 32 33 34 35 36 37 38 39 40 41 42 43 44 45 46 47
node 1 size: 64460 MB
node 1 free: 84 MB
node 2 cpus:
node 2 size: 256000 MB
node 2 free: 93290 MB
node 3 cpus:
node 3 size: 256000 MB
node 3 free: 89592 MB
node distances:
node   0   1   2   3 
  0:  10  21  17  28 
  1:  21  10  28  17 
  2:  17  28  10  28 
  3:  28  17  28  10 
available: 4 nodes (0-3)
node 0 cpus: 0 1 2 3 4 5 6 7 8 9 10 11 12 13 14 15 16 17 18 19 20 21 22 23
node 0 size: 64092 MB
node 0 free: 330 MB
node 1 cpus: 24 25 26 27 28 29 30 31 32 33 34 35 36 37 38 39 40 41 42 43 44 45 46 47
node 1 size: 64460 MB
node 1 free: 84 MB
node 2 cpus:
node 2 size: 256000 MB
node 2 free: 93147 MB
node 3 cpus:
node 3 size: 256000 MB
node 3 free: 89448 MB
node distances:
node   0   1   2   3 
  0:  10  21  17  28 
  1:  21  10  28  17 
  2:  17  28  10  28 
  3:  28  17  28  10 
available: 4 nodes (0-3)
node 0 cpus: 0 1 2 3 4 5 6 7 8 9 10 11 12 13 14 15 16 17 18 19 20 21 22 23
node 0 size: 64092 MB
node 0 free: 330 MB
node 1 cpus: 24 25 26 27 28 29 30 31 32 33 34 35 36 37 38 39 40 41 42 43 44 45 46 47
node 1 size: 64460 MB
node 1 free: 84 MB
node 2 cpus:
node 2 size: 256000 MB
node 2 free: 93009 MB
node 3 cpus:
node 3 size: 256000 MB
node 3 free: 89306 MB
node distances:
node   0   1   2   3 
  0:  10  21  17  28 
  1:  21  10  28  17 
  2:  17  28  10  28 
  3:  28  17  28  10 
available: 4 nodes (0-3)
node 0 cpus: 0 1 2 3 4 5 6 7 8 9 10 11 12 13 14 15 16 17 18 19 20 21 22 23
node 0 size: 64092 MB
node 0 free: 330 MB
node 1 cpus: 24 25 26 27 28 29 30 31 32 33 34 35 36 37 38 39 40 41 42 43 44 45 46 47
node 1 size: 64460 MB
node 1 free: 84 MB
node 2 cpus:
node 2 size: 256000 MB
node 2 free: 92872 MB
node 3 cpus:
node 3 size: 256000 MB
node 3 free: 89167 MB
node distances:
node   0   1   2   3 
  0:  10  21  17  28 
  1:  21  10  28  17 
  2:  17  28  10  28 
  3:  28  17  28  10 
available: 4 nodes (0-3)
node 0 cpus: 0 1 2 3 4 5 6 7 8 9 10 11 12 13 14 15 16 17 18 19 20 21 22 23
node 0 size: 64092 MB
node 0 free: 330 MB
node 1 cpus: 24 25 26 27 28 29 30 31 32 33 34 35 36 37 38 39 40 41 42 43 44 45 46 47
node 1 size: 64460 MB
node 1 free: 84 MB
node 2 cpus:
node 2 size: 256000 MB
node 2 free: 92734 MB
node 3 cpus:
node 3 size: 256000 MB
node 3 free: 89027 MB
node distances:
node   0   1   2   3 
  0:  10  21  17  28 
  1:  21  10  28  17 
  2:  17  28  10  28 
  3:  28  17  28  10 
available: 4 nodes (0-3)
node 0 cpus: 0 1 2 3 4 5 6 7 8 9 10 11 12 13 14 15 16 17 18 19 20 21 22 23
node 0 size: 64092 MB
node 0 free: 330 MB
node 1 cpus: 24 25 26 27 28 29 30 31 32 33 34 35 36 37 38 39 40 41 42 43 44 45 46 47
node 1 size: 64460 MB
node 1 free: 84 MB
node 2 cpus:
node 2 size: 256000 MB
node 2 free: 92597 MB
node 3 cpus:
node 3 size: 256000 MB
node 3 free: 88888 MB
node distances:
node   0   1   2   3 
  0:  10  21  17  28 
  1:  21  10  28  17 
  2:  17  28  10  28 
  3:  28  17  28  10 
available: 4 nodes (0-3)
node 0 cpus: 0 1 2 3 4 5 6 7 8 9 10 11 12 13 14 15 16 17 18 19 20 21 22 23
node 0 size: 64092 MB
node 0 free: 330 MB
node 1 cpus: 24 25 26 27 28 29 30 31 32 33 34 35 36 37 38 39 40 41 42 43 44 45 46 47
node 1 size: 64460 MB
node 1 free: 84 MB
node 2 cpus:
node 2 size: 256000 MB
node 2 free: 92466 MB
node 3 cpus:
node 3 size: 256000 MB
node 3 free: 88753 MB
node distances:
node   0   1   2   3 
  0:  10  21  17  28 
